2026-09-18 08:02:10 +0000: Memory Usage (412352K) : Starting running IHP-SG13G2 KLayout DRC runset on /project/work/revision-1/GDS_logs/runs/wokwi/final/gds/tt_um_fabien_pio.gds
2026-09-18 08:02:10 +0000: Memory Usage (412352K) : Ruby Version for klayout: 3.3.10
2026-09-18 08:02:10 +0000: Memory Usage (416132K) : Loading database to memory is complete.
2026-09-18 08:02:10 +0000: Memory Usage (416132K) : IHP-SG13G2 KLayout DRC runset output at: /project/work/sram-research/astrapio-pinned.xml
2026-09-18 08:02:10 +0000: Memory Usage (416132K) : Evaluate switches.
2026-09-18 08:02:10 +0000: Memory Usage (416132K) : tables selected: main
2026-09-18 08:02:10 +0000: Memory Usage (416132K) : KLayout will use 1 thread(s) in tiling mode.
2026-09-18 08:02:10 +0000: Memory Usage (416132K) : deep mode is enabled.
2026-09-18 08:02:10 +0000: Memory Usage (416132K) : FEOL enabled: true
2026-09-18 08:02:10 +0000: Memory Usage (416132K) : BEOL enabled: true
2026-09-18 08:02:10 +0000: Memory Usage (416132K) : OFFGRID enabled: true
2026-09-18 08:02:10 +0000: Memory Usage (416132K) : PIN enabled: true
2026-09-18 08:02:10 +0000: Memory Usage (416132K) : FORBIDDEN enabled: true
2026-09-18 08:02:10 +0000: Memory Usage (416132K) : RECOMMENDED enabled: true
2026-09-18 08:02:10 +0000: Memory Usage (416132K) : PreCheck DRC enabled: false
2026-09-18 08:02:10 +0000: Memory Usage (416132K) : CONNECTIVITY_RULES enabled: true.
2026-09-18 08:02:10 +0000: Memory Usage (416132K) : Read in polygons from layers.
2026-09-18 08:02:10 +0000: Memory Usage (417796K) : activ_drw has 51647 polygons
2026-09-18 08:02:10 +0000: Memory Usage (417924K) : activ_pin has 0 polygons
2026-09-18 08:02:10 +0000: Memory Usage (417924K) : activ_mask has 0 polygons
2026-09-18 08:02:10 +0000: Memory Usage (418052K) : activ_filler has 0 polygons
2026-09-18 08:02:10 +0000: Memory Usage (418052K) : activ_nofill has 0 polygons
2026-09-18 08:02:10 +0000: Memory Usage (418180K) : activ_opc has 0 polygons
2026-09-18 08:02:10 +0000: Memory Usage (418180K) : activ_iopc has 0 polygons
2026-09-18 08:02:10 +0000: Memory Usage (418180K) : activ_noqrc has 0 polygons
2026-09-18 08:02:10 +0000: Memory Usage (418308K) : biwind_drw has 0 polygons
2026-09-18 08:02:10 +0000: Memory Usage (418308K) : biwind_opc has 0 polygons
2026-09-18 08:02:10 +0000: Memory Usage (418436K) : pemwind_drw has 0 polygons
2026-09-18 08:02:10 +0000: Memory Usage (418436K) : gatpoly_drw has 49772 polygons
2026-09-18 08:02:10 +0000: Memory Usage (418564K) : gatpoly_pin has 0 polygons
2026-09-18 08:02:10 +0000: Memory Usage (418564K) : gatpoly_filler has 0 polygons
2026-09-18 08:02:10 +0000: Memory Usage (418820K) : gatpoly_nofill has 0 polygons
2026-09-18 08:02:10 +0000: Memory Usage (418820K) : gatpoly_opc has 0 polygons
2026-09-18 08:02:10 +0000: Memory Usage (418820K) : gatpoly_iopc has 0 polygons
2026-09-18 08:02:10 +0000: Memory Usage (418820K) : gatpoly_noqrc has 0 polygons
2026-09-18 08:02:10 +0000: Memory Usage (418820K) : cont_drw has 180647 polygons
2026-09-18 08:02:10 +0000: Memory Usage (418948K) : cont_opc has 0 polygons
2026-09-18 08:02:10 +0000: Memory Usage (418948K) : nsd_drw has 0 polygons
2026-09-18 08:02:10 +0000: Memory Usage (418948K) : nsd_block has 0 polygons
2026-09-18 08:02:10 +0000: Memory Usage (419204K) : metal1_drw has 106400 polygons
2026-09-18 08:02:10 +0000: Memory Usage (419460K) : metal1_pin has 19370 polygons
2026-09-18 08:02:10 +0000: Memory Usage (419460K) : metal1_mask has 0 polygons
2026-09-18 08:02:10 +0000: Memory Usage (419460K) : metal1_filler has 0 polygons
2026-09-18 08:02:10 +0000: Memory Usage (419588K) : metal1_nofill has 0 polygons
2026-09-18 08:02:10 +0000: Memory Usage (419588K) : metal1_slit has 0 polygons
2026-09-18 08:02:10 +0000: Memory Usage (419972K) : metal1_text has 16224 polygons
2026-09-18 08:02:10 +0000: Memory Usage (419972K) : metal1_opc has 0 polygons
2026-09-18 08:02:10 +0000: Memory Usage (420100K) : metal1_noqrc has 0 polygons
2026-09-18 08:02:10 +0000: Memory Usage (420100K) : metal1_res has 15 polygons
2026-09-18 08:02:10 +0000: Memory Usage (420228K) : metal1_iprobe has 0 polygons
2026-09-18 08:02:10 +0000: Memory Usage (420228K) : metal1_diffprb has 0 polygons
2026-09-18 08:02:10 +0000: Memory Usage (420356K) : passiv_drw has 0 polygons
2026-09-18 08:02:10 +0000: Memory Usage (420356K) : passiv_pin has 0 polygons
2026-09-18 08:02:10 +0000: Memory Usage (420484K) : passiv_sbump has 0 polygons
2026-09-18 08:02:10 +0000: Memory Usage (420484K) : passiv_pillar has 0 polygons
2026-09-18 08:02:10 +0000: Memory Usage (420484K) : passiv_pdl has 0 polygons
2026-09-18 08:02:10 +0000: Memory Usage (421124K) : metal2_drw has 42625 polygons
2026-09-18 08:02:10 +0000: Memory Usage (421380K) : metal2_pin has 23498 polygons
2026-09-18 08:02:10 +0000: Memory Usage (421380K) : metal2_mask has 0 polygons
2026-09-18 08:02:10 +0000: Memory Usage (421508K) : metal2_filler has 0 polygons
2026-09-18 08:02:10 +0000: Memory Usage (421508K) : metal2_nofill has 0 polygons
2026-09-18 08:02:10 +0000: Memory Usage (421636K) : metal2_slit has 0 polygons
2026-09-18 08:02:10 +0000: Memory Usage (421636K) : metal2_text has 15170 polygons
2026-09-18 08:02:10 +0000: Memory Usage (421764K) : metal2_opc has 0 polygons
2026-09-18 08:02:10 +0000: Memory Usage (421764K) : metal2_noqrc has 0 polygons
2026-09-18 08:02:10 +0000: Memory Usage (421892K) : metal2_res has 4100 polygons
2026-09-18 08:02:10 +0000: Memory Usage (421892K) : metal2_iprobe has 0 polygons
2026-09-18 08:02:10 +0000: Memory Usage (422020K) : metal2_diffprb has 0 polygons
2026-09-18 08:02:10 +0000: Memory Usage (422020K) : baspoly_drw has 0 polygons
2026-09-18 08:02:10 +0000: Memory Usage (422020K) : baspoly_pin has 0 polygons
2026-09-18 08:02:10 +0000: Memory Usage (422148K) : psd_drw has 13531 polygons
2026-09-18 08:02:10 +0000: Memory Usage (422276K) : nldb_drw has 0 polygons
2026-09-18 08:02:10 +0000: Memory Usage (422276K) : digibnd_drw has 3230 polygons
2026-09-18 08:02:10 +0000: Memory Usage (422660K) : via1_drw has 36514 polygons
2026-09-18 08:02:10 +0000: Memory Usage (422660K) : backmetal1_drw has 0 polygons
2026-09-18 08:02:10 +0000: Memory Usage (422788K) : backmetal1_pin has 0 polygons
2026-09-18 08:02:10 +0000: Memory Usage (422788K) : backmetal1_mask has 0 polygons
2026-09-18 08:02:10 +0000: Memory Usage (422788K) : backmetal1_filler has 0 polygons
2026-09-18 08:02:10 +0000: Memory Usage (422788K) : backmetal1_nofill has 0 polygons
2026-09-18 08:02:10 +0000: Memory Usage (422916K) : backmetal1_slit has 0 polygons
2026-09-18 08:02:10 +0000: Memory Usage (422916K) : backmetal1_text has 0 polygons
2026-09-18 08:02:10 +0000: Memory Usage (423044K) : backmetal1_opc has 0 polygons
2026-09-18 08:02:10 +0000: Memory Usage (423044K) : backmetal1_noqrc has 0 polygons
2026-09-18 08:02:10 +0000: Memory Usage (423172K) : backmetal1_res has 0 polygons
2026-09-18 08:02:10 +0000: Memory Usage (423172K) : backmetal1_iprobe has 0 polygons
2026-09-18 08:02:10 +0000: Memory Usage (423300K) : backmetal1_diffprb has 0 polygons
2026-09-18 08:02:10 +0000: Memory Usage (423300K) : backpassiv_drw has 0 polygons
2026-09-18 08:02:10 +0000: Memory Usage (423428K) : res_drw has 0 polygons
2026-09-18 08:02:10 +0000: Memory Usage (423428K) : sram_drw has 2448 polygons
2026-09-18 08:02:10 +0000: Memory Usage (423428K) : trans_drw has 0 polygons
2026-09-18 08:02:10 +0000: Memory Usage (423556K) : ind_drw has 0 polygons
2026-09-18 08:02:10 +0000: Memory Usage (423556K) : ind_pin has 0 polygons
2026-09-18 08:02:10 +0000: Memory Usage (423684K) : ind_text has 0 polygons
2026-09-18 08:02:10 +0000: Memory Usage (423684K) : salblock_drw has 0 polygons
2026-09-18 08:02:10 +0000: Memory Usage (424068K) : via2_drw has 23344 polygons
2026-09-18 08:02:10 +0000: Memory Usage (424324K) : metal3_drw has 18671 polygons
2026-09-18 08:02:10 +0000: Memory Usage (424452K) : metal3_pin has 11544 polygons
2026-09-18 08:02:10 +0000: Memory Usage (424580K) : metal3_mask has 0 polygons
2026-09-18 08:02:10 +0000: Memory Usage (424580K) : metal3_filler has 0 polygons
2026-09-18 08:02:10 +0000: Memory Usage (424708K) : metal3_nofill has 0 polygons
2026-09-18 08:02:10 +0000: Memory Usage (424708K) : metal3_slit has 0 polygons
2026-09-18 08:02:10 +0000: Memory Usage (424836K) : metal3_text has 6696 polygons
2026-09-18 08:02:10 +0000: Memory Usage (424836K) : metal3_opc has 0 polygons
2026-09-18 08:02:10 +0000: Memory Usage (424964K) : metal3_noqrc has 0 polygons
2026-09-18 08:02:10 +0000: Memory Usage (424964K) : metal3_res has 2096 polygons
2026-09-18 08:02:10 +0000: Memory Usage (425092K) : metal3_iprobe has 0 polygons
2026-09-18 08:02:10 +0000: Memory Usage (425092K) : metal3_diffprb has 0 polygons
2026-09-18 08:02:10 +0000: Memory Usage (425092K) : nwell_drw has 8931 polygons
2026-09-18 08:02:10 +0000: Memory Usage (425220K) : nwell_pin has 0 polygons
2026-09-18 08:02:10 +0000: Memory Usage (425348K) : nbulay_drw has 0 polygons
2026-09-18 08:02:10 +0000: Memory Usage (425348K) : nbulay_pin has 0 polygons
2026-09-18 08:02:10 +0000: Memory Usage (425476K) : nbulay_block has 0 polygons
2026-09-18 08:02:10 +0000: Memory Usage (425476K) : emwind_drw has 0 polygons
2026-09-18 08:02:10 +0000: Memory Usage (425604K) : emwind_opc has 0 polygons
2026-09-18 08:02:10 +0000: Memory Usage (425604K) : deepco_drw has 0 polygons
2026-09-18 08:02:10 +0000: Memory Usage (425604K) : deepco_drw has 0 polygons
2026-09-18 08:02:10 +0000: Memory Usage (425732K) : mim_drw has 0 polygons
2026-09-18 08:02:10 +0000: Memory Usage (425732K) : edgeseal_drw has 0 polygons
2026-09-18 08:02:10 +0000: Memory Usage (425860K) : edgeseal_bound has 0 polygons
2026-09-18 08:02:10 +0000: Memory Usage (425860K) : substrate_drw has 0 polygons
2026-09-18 08:02:10 +0000: Memory Usage (425988K) : substrate_text has 0 polygons
2026-09-18 08:02:10 +0000: Memory Usage (425988K) : dfpad_drw has 0 polygons
2026-09-18 08:02:10 +0000: Memory Usage (425988K) : dfpad_pillar has 0 polygons
2026-09-18 08:02:10 +0000: Memory Usage (426116K) : dfpad_sbump has 0 polygons
2026-09-18 08:02:10 +0000: Memory Usage (426116K) : thickgateox_drw has 0 polygons
2026-09-18 08:02:10 +0000: Memory Usage (426244K) : pldb_drw has 0 polygons
2026-09-18 08:02:10 +0000: Memory Usage (426244K) : pwell_drw has 0 polygons
2026-09-18 08:02:10 +0000: Memory Usage (426372K) : pwell_pin has 0 polygons
2026-09-18 08:02:10 +0000: Memory Usage (426372K) : pwell_block has 0 polygons
2026-09-18 08:02:10 +0000: Memory Usage (426500K) : ic_drw has 0 polygons
2026-09-18 08:02:10 +0000: Memory Usage (426628K) : via3_drw has 11390 polygons
2026-09-18 08:02:10 +0000: Memory Usage (426756K) : metal4_drw has 3724 polygons
2026-09-18 08:02:10 +0000: Memory Usage (426884K) : metal4_pin has 99 polygons
2026-09-18 08:02:10 +0000: Memory Usage (426884K) : metal4_mask has 0 polygons
2026-09-18 08:02:10 +0000: Memory Usage (426884K) : metal4_filler has 0 polygons
2026-09-18 08:02:10 +0000: Memory Usage (427012K) : metal4_nofill has 0 polygons
2026-09-18 08:02:10 +0000: Memory Usage (427012K) : metal4_slit has 0 polygons
2026-09-18 08:02:10 +0000: Memory Usage (427012K) : metal4_text has 99 polygons
2026-09-18 08:02:10 +0000: Memory Usage (427140K) : metal4_opc has 0 polygons
2026-09-18 08:02:10 +0000: Memory Usage (427140K) : metal4_noqrc has 0 polygons
2026-09-18 08:02:10 +0000: Memory Usage (427140K) : metal4_res has 0 polygons
2026-09-18 08:02:10 +0000: Memory Usage (427268K) : metal4_iprobe has 0 polygons
2026-09-18 08:02:10 +0000: Memory Usage (427268K) : metal4_diffprb has 0 polygons
2026-09-18 08:02:10 +0000: Memory Usage (427268K) : heattrans_drw has 0 polygons
2026-09-18 08:02:10 +0000: Memory Usage (427396K) : heatres_drw has 0 polygons
2026-09-18 08:02:10 +0000: Memory Usage (427396K) : pempoly_drw has 0 polygons
2026-09-18 08:02:10 +0000: Memory Usage (427396K) : fbe_drw has 0 polygons
2026-09-18 08:02:10 +0000: Memory Usage (427524K) : empoly_drw has 0 polygons
2026-09-18 08:02:10 +0000: Memory Usage (427524K) : ldmos_drw has 0 polygons
2026-09-18 08:02:10 +0000: Memory Usage (427524K) : pbiwind_drw has 0 polygons
2026-09-18 08:02:10 +0000: Memory Usage (427652K) : digisub_drw has 0 polygons
2026-09-18 08:02:10 +0000: Memory Usage (427652K) : nodrc_drw has 0 polygons
2026-09-18 08:02:10 +0000: Memory Usage (427652K) : text_drw has 25252 polygons
2026-09-18 08:02:10 +0000: Memory Usage (427780K) : via4_drw has 4260 polygons
2026-09-18 08:02:10 +0000: Memory Usage (427908K) : metal5_drw has 984 polygons
2026-09-18 08:02:10 +0000: Memory Usage (427908K) : metal5_pin has 0 polygons
2026-09-18 08:02:10 +0000: Memory Usage (428036K) : metal5_mask has 0 polygons
2026-09-18 08:02:10 +0000: Memory Usage (428036K) : metal5_filler has 0 polygons
2026-09-18 08:02:10 +0000: Memory Usage (428036K) : metal5_nofill has 0 polygons
2026-09-18 08:02:10 +0000: Memory Usage (428164K) : metal5_slit has 0 polygons
2026-09-18 08:02:10 +0000: Memory Usage (428164K) : metal5_text has 0 polygons
2026-09-18 08:02:10 +0000: Memory Usage (428164K) : metal5_opc has 0 polygons
2026-09-18 08:02:10 +0000: Memory Usage (428164K) : metal5_noqrc has 0 polygons
2026-09-18 08:02:10 +0000: Memory Usage (428292K) : metal5_res has 0 polygons
2026-09-18 08:02:10 +0000: Memory Usage (428292K) : metal5_iprobe has 0 polygons
2026-09-18 08:02:10 +0000: Memory Usage (428420K) : metal5_diffprb has 0 polygons
2026-09-18 08:02:10 +0000: Memory Usage (428420K) : radhard_drw has 0 polygons
2026-09-18 08:02:10 +0000: Memory Usage (428548K) : memcap_drw has 0 polygons
2026-09-18 08:02:10 +0000: Memory Usage (428548K) : varicap_drw has 0 polygons
2026-09-18 08:02:10 +0000: Memory Usage (428676K) : flash_drw has 0 polygons
2026-09-18 08:02:10 +0000: Memory Usage (428676K) : intbondvia_drw has 0 polygons
2026-09-18 08:02:10 +0000: Memory Usage (428804K) : intbondmet_drw has 0 polygons
2026-09-18 08:02:10 +0000: Memory Usage (428804K) : devbondvia_drw has 0 polygons
2026-09-18 08:02:10 +0000: Memory Usage (428804K) : devbondmet_drw has 0 polygons
2026-09-18 08:02:10 +0000: Memory Usage (428932K) : devtrench_drw has 0 polygons
2026-09-18 08:02:10 +0000: Memory Usage (428932K) : redist_drw has 0 polygons
2026-09-18 08:02:10 +0000: Memory Usage (429060K) : graphbot_drw has 0 polygons
2026-09-18 08:02:10 +0000: Memory Usage (429060K) : graphtop_drw has 0 polygons
2026-09-18 08:02:10 +0000: Memory Usage (429188K) : antvia1_drw has 0 polygons
2026-09-18 08:02:10 +0000: Memory Usage (429188K) : antmetal2_drw has 0 polygons
2026-09-18 08:02:10 +0000: Memory Usage (429316K) : graphcont_drw has 0 polygons
2026-09-18 08:02:10 +0000: Memory Usage (429316K) : siwg_drw has 0 polygons
2026-09-18 08:02:10 +0000: Memory Usage (429444K) : siwg_filler has 0 polygons
2026-09-18 08:02:10 +0000: Memory Usage (429444K) : siwg_nofill has 0 polygons
2026-09-18 08:02:10 +0000: Memory Usage (429444K) : sigrating_drw has 0 polygons
2026-09-18 08:02:10 +0000: Memory Usage (429572K) : singrating_drw has 0 polygons
2026-09-18 08:02:10 +0000: Memory Usage (429572K) : graphpas_drw has 0 polygons
2026-09-18 08:02:10 +0000: Memory Usage (429700K) : emwind3_drw has 0 polygons
2026-09-18 08:02:10 +0000: Memory Usage (429700K) : emwihv3_drw has 0 polygons
2026-09-18 08:02:10 +0000: Memory Usage (429828K) : redbulay_drw has 0 polygons
2026-09-18 08:02:10 +0000: Memory Usage (429828K) : smos_drw has 0 polygons
2026-09-18 08:02:10 +0000: Memory Usage (429956K) : graphpad_drw has 0 polygons
2026-09-18 08:02:10 +0000: Memory Usage (429956K) : polimide_drw has 0 polygons
2026-09-18 08:02:10 +0000: Memory Usage (430084K) : polimide_pin has 0 polygons
2026-09-18 08:02:10 +0000: Memory Usage (430084K) : recog_drw has 0 polygons
2026-09-18 08:02:10 +0000: Memory Usage (430084K) : recog_pin has 0 polygons
2026-09-18 08:02:10 +0000: Memory Usage (430212K) : recog_esd has 0 polygons
2026-09-18 08:02:10 +0000: Memory Usage (430212K) : recog_diode has 14 polygons
2026-09-18 08:02:10 +0000: Memory Usage (430340K) : recog_tsv has 0 polygons
2026-09-18 08:02:10 +0000: Memory Usage (430340K) : recog_iprobe has 0 polygons
2026-09-18 08:02:10 +0000: Memory Usage (430468K) : recog_diffprb has 0 polygons
2026-09-18 08:02:10 +0000: Memory Usage (430468K) : recog_pillar has 0 polygons
2026-09-18 08:02:10 +0000: Memory Usage (430596K) : recog_sbump has 0 polygons
2026-09-18 08:02:10 +0000: Memory Usage (430596K) : recog_otp has 0 polygons
2026-09-18 08:02:10 +0000: Memory Usage (430596K) : recog_pdiode has 0 polygons
2026-09-18 08:02:10 +0000: Memory Usage (430724K) : recog_mom has 0 polygons
2026-09-18 08:02:10 +0000: Memory Usage (430724K) : recog_pcm has 0 polygons
2026-09-18 08:02:10 +0000: Memory Usage (430852K) : colopen_drw has 0 polygons
2026-09-18 08:02:10 +0000: Memory Usage (430852K) : graphmetal1_drw has 0 polygons
2026-09-18 08:02:10 +0000: Memory Usage (430980K) : graphmetal1_filler has 0 polygons
2026-09-18 08:02:10 +0000: Memory Usage (430980K) : graphmetal1_nofill has 0 polygons
2026-09-18 08:02:10 +0000: Memory Usage (431108K) : graphmetal1_slit has 0 polygons
2026-09-18 08:02:10 +0000: Memory Usage (431108K) : graphmetal1_opc has 0 polygons
2026-09-18 08:02:10 +0000: Memory Usage (431236K) : graphmet1l_drw has 0 polygons
2026-09-18 08:02:10 +0000: Memory Usage (431236K) : graphmet1l_filler has 0 polygons
2026-09-18 08:02:10 +0000: Memory Usage (431236K) : graphmet1l_nofill has 0 polygons
2026-09-18 08:02:10 +0000: Memory Usage (431364K) : graphmet1l_slit has 0 polygons
2026-09-18 08:02:10 +0000: Memory Usage (431364K) : graphmet1l_opc has 0 polygons
2026-09-18 08:02:10 +0000: Memory Usage (431492K) : extblock_drw has 0 polygons
2026-09-18 08:02:10 +0000: Memory Usage (431492K) : nldd_drw has 0 polygons
2026-09-18 08:02:10 +0000: Memory Usage (431620K) : pldd_drw has 0 polygons
2026-09-18 08:02:10 +0000: Memory Usage (431620K) : next_drw has 0 polygons
2026-09-18 08:02:10 +0000: Memory Usage (431748K) : pext_drw has 0 polygons
2026-09-18 08:02:10 +0000: Memory Usage (431748K) : nexthv_drw has 0 polygons
2026-09-18 08:02:10 +0000: Memory Usage (431876K) : pexthv_drw has 0 polygons
2026-09-18 08:02:10 +0000: Memory Usage (431876K) : graphgate_drw has 0 polygons
2026-09-18 08:02:10 +0000: Memory Usage (431876K) : sinwg_drw has 0 polygons
2026-09-18 08:02:10 +0000: Memory Usage (432004K) : sinwg_filler has 0 polygons
2026-09-18 08:02:10 +0000: Memory Usage (432004K) : sinwg_nofill has 0 polygons
2026-09-18 08:02:10 +0000: Memory Usage (432132K) : mempad_drw has 0 polygons
2026-09-18 08:02:10 +0000: Memory Usage (432132K) : topvia1_drw has 946 polygons
2026-09-18 08:02:10 +0000: Memory Usage (432260K) : topmetal1_drw has 45 polygons
2026-09-18 08:02:10 +0000: Memory Usage (432260K) : topmetal1_pin has 10 polygons
2026-09-18 08:02:10 +0000: Memory Usage (432260K) : topmetal1_mask has 0 polygons
2026-09-18 08:02:10 +0000: Memory Usage (432260K) : topmetal1_filler has 0 polygons
2026-09-18 08:02:10 +0000: Memory Usage (432260K) : topmetal1_nofill has 0 polygons
2026-09-18 08:02:10 +0000: Memory Usage (432260K) : topmetal1_slit has 0 polygons
2026-09-18 08:02:10 +0000: Memory Usage (432260K) : topmetal1_text has 10 polygons
2026-09-18 08:02:10 +0000: Memory Usage (432260K) : topmetal1_noqrc has 0 polygons
2026-09-18 08:02:10 +0000: Memory Usage (432260K) : topmetal1_res has 0 polygons
2026-09-18 08:02:10 +0000: Memory Usage (432260K) : topmetal1_iprobe has 0 polygons
2026-09-18 08:02:10 +0000: Memory Usage (432260K) : topmetal1_diffprb has 0 polygons
2026-09-18 08:02:10 +0000: Memory Usage (432260K) : inldpwl_drw has 0 polygons
2026-09-18 08:02:10 +0000: Memory Usage (432260K) : polyres_drw has 0 polygons
2026-09-18 08:02:10 +0000: Memory Usage (432260K) : polyres_pin has 0 polygons
2026-09-18 08:02:10 +0000: Memory Usage (432260K) : vmim_drw has 0 polygons
2026-09-18 08:02:10 +0000: Memory Usage (432260K) : nbulaycut_drw has 0 polygons
2026-09-18 08:02:10 +0000: Memory Usage (432260K) : antmetal1_drw has 0 polygons
2026-09-18 08:02:10 +0000: Memory Usage (432260K) : topvia2_drw has 0 polygons
2026-09-18 08:02:10 +0000: Memory Usage (432260K) : topmetal2_drw has 0 polygons
2026-09-18 08:02:10 +0000: Memory Usage (432260K) : topmetal2_pin has 0 polygons
2026-09-18 08:02:10 +0000: Memory Usage (432260K) : topmetal2_mask has 0 polygons
2026-09-18 08:02:10 +0000: Memory Usage (432260K) : topmetal2_filler has 0 polygons
2026-09-18 08:02:10 +0000: Memory Usage (432260K) : topmetal2_nofill has 0 polygons
2026-09-18 08:02:10 +0000: Memory Usage (432260K) : topmetal2_slit has 0 polygons
2026-09-18 08:02:10 +0000: Memory Usage (432260K) : topmetal2_text has 0 polygons
2026-09-18 08:02:10 +0000: Memory Usage (432260K) : topmetal2_noqrc has 0 polygons
2026-09-18 08:02:10 +0000: Memory Usage (432260K) : topmetal2_res has 0 polygons
2026-09-18 08:02:10 +0000: Memory Usage (432260K) : topmetal2_iprobe has 0 polygons
2026-09-18 08:02:10 +0000: Memory Usage (432260K) : topmetal2_diffprb has 0 polygons
2026-09-18 08:02:10 +0000: Memory Usage (432260K) : snsring_drw has 0 polygons
2026-09-18 08:02:10 +0000: Memory Usage (432260K) : sensor_drw has 0 polygons
2026-09-18 08:02:10 +0000: Memory Usage (432260K) : snsarms_drw has 0 polygons
2026-09-18 08:02:10 +0000: Memory Usage (432260K) : snscmosvia_drw has 0 polygons
2026-09-18 08:02:10 +0000: Memory Usage (432260K) : colwind_drw has 0 polygons
2026-09-18 08:02:10 +0000: Memory Usage (432260K) : flm_drw has 0 polygons
2026-09-18 08:02:10 +0000: Memory Usage (432260K) : hafniumox_drw has 0 polygons
2026-09-18 08:02:10 +0000: Memory Usage (432260K) : memvia_drw has 0 polygons
2026-09-18 08:02:10 +0000: Memory Usage (432260K) : thinfilmres_drw has 0 polygons
2026-09-18 08:02:10 +0000: Memory Usage (432260K) : rfmem_drw has 0 polygons
2026-09-18 08:02:10 +0000: Memory Usage (432260K) : norcx_drw has 0 polygons
2026-09-18 08:02:10 +0000: Memory Usage (432260K) : norcx_m2m3 has 0 polygons
2026-09-18 08:02:10 +0000: Memory Usage (432260K) : norcx_m2m4 has 0 polygons
2026-09-18 08:02:10 +0000: Memory Usage (432260K) : norcx_m2m5 has 0 polygons
2026-09-18 08:02:10 +0000: Memory Usage (432260K) : norcx_m2tm1 has 0 polygons
2026-09-18 08:02:10 +0000: Memory Usage (432260K) : norcx_m2tm2 has 0 polygons
2026-09-18 08:02:10 +0000: Memory Usage (432260K) : norcx_m3m4 has 0 polygons
2026-09-18 08:02:10 +0000: Memory Usage (432260K) : norcx_m3m5 has 0 polygons
2026-09-18 08:02:10 +0000: Memory Usage (432260K) : norcx_m3tm1 has 0 polygons
2026-09-18 08:02:10 +0000: Memory Usage (432260K) : norcx_m3tm2 has 0 polygons
2026-09-18 08:02:10 +0000: Memory Usage (432260K) : norcx_m4m5 has 0 polygons
2026-09-18 08:02:10 +0000: Memory Usage (432260K) : norcx_m4tm1 has 0 polygons
2026-09-18 08:02:10 +0000: Memory Usage (432260K) : norcx_m4tm2 has 0 polygons
2026-09-18 08:02:10 +0000: Memory Usage (432260K) : norcx_m5tm1 has 0 polygons
2026-09-18 08:02:10 +0000: Memory Usage (432260K) : norcx_m5tm2 has 0 polygons
2026-09-18 08:02:10 +0000: Memory Usage (432260K) : norcx_tm1tm2 has 0 polygons
2026-09-18 08:02:10 +0000: Memory Usage (432260K) : norcx_m1sub has 0 polygons
2026-09-18 08:02:10 +0000: Memory Usage (432260K) : norcx_m2sub has 0 polygons
2026-09-18 08:02:10 +0000: Memory Usage (432260K) : norcx_m3sub has 0 polygons
2026-09-18 08:02:10 +0000: Memory Usage (432260K) : norcx_m4sub has 0 polygons
2026-09-18 08:02:10 +0000: Memory Usage (432260K) : norcx_m5sub has 0 polygons
2026-09-18 08:02:10 +0000: Memory Usage (432260K) : norcx_tm1sub has 0 polygons
2026-09-18 08:02:10 +0000: Memory Usage (432260K) : norcx_tm2sub has 0 polygons
2026-09-18 08:02:10 +0000: Memory Usage (432260K) : snsbotvia_drw has 0 polygons
2026-09-18 08:02:10 +0000: Memory Usage (432260K) : snstopvia_drw has 0 polygons
2026-09-18 08:02:10 +0000: Memory Usage (432260K) : deepvia_drw has 0 polygons
2026-09-18 08:02:10 +0000: Memory Usage (432260K) : fgetch_drw has 0 polygons
2026-09-18 08:02:10 +0000: Memory Usage (432260K) : ctrgat_drw has 0 polygons
2026-09-18 08:02:10 +0000: Memory Usage (432260K) : fgimp_drw has 0 polygons
2026-09-18 08:02:10 +0000: Memory Usage (432260K) : emwihv_drw has 0 polygons
2026-09-18 08:02:10 +0000: Memory Usage (432260K) : lbe_drw has 0 polygons
2026-09-18 08:02:10 +0000: Memory Usage (432260K) : alcustop_drw has 0 polygons
2026-09-18 08:02:10 +0000: Memory Usage (432260K) : nometfiller_drw has 0 polygons
2026-09-18 08:02:10 +0000: Memory Usage (432260K) : prboundary_drw has 0 polygons
2026-09-18 08:02:10 +0000: Memory Usage (432260K) : exchange0_drw has 0 polygons
2026-09-18 08:02:10 +0000: Memory Usage (432260K) : exchange0_pin has 0 polygons
2026-09-18 08:02:10 +0000: Memory Usage (432260K) : exchange0_text has 0 polygons
2026-09-18 08:02:10 +0000: Memory Usage (432260K) : exchange1_drw has 0 polygons
2026-09-18 08:02:10 +0000: Memory Usage (432260K) : exchange1_pin has 0 polygons
2026-09-18 08:02:10 +0000: Memory Usage (432260K) : exchange1_text has 0 polygons
2026-09-18 08:02:10 +0000: Memory Usage (432260K) : exchange2_drw has 0 polygons
2026-09-18 08:02:10 +0000: Memory Usage (432260K) : exchange2_pin has 0 polygons
2026-09-18 08:02:10 +0000: Memory Usage (432260K) : exchange2_text has 0 polygons
2026-09-18 08:02:10 +0000: Memory Usage (432260K) : exchange3_drw has 0 polygons
2026-09-18 08:02:10 +0000: Memory Usage (432260K) : exchange3_pin has 0 polygons
2026-09-18 08:02:10 +0000: Memory Usage (432260K) : exchange3_text has 0 polygons
2026-09-18 08:02:10 +0000: Memory Usage (432260K) : exchange4_drw has 0 polygons
2026-09-18 08:02:10 +0000: Memory Usage (432260K) : exchange4_pin has 0 polygons
2026-09-18 08:02:10 +0000: Memory Usage (432260K) : exchange4_text has 0 polygons
2026-09-18 08:02:10 +0000: Memory Usage (432260K) : isonwell_drw has 0 polygons
2026-09-18 08:02:10 +0000: Memory Usage (432260K) : Total no. of polygons in the design is 683306
2026-09-18 08:02:10 +0000: Memory Usage (432260K) : Loaded TECH DRC rules values from /project/work/pdk/ihp-sg13g2/libs.tech/klayout/python/sg13g2_pycell_lib/sg13g2_tech_mod.json
2026-09-18 08:02:10 +0000: Memory Usage (432388K) : Loaded default DRC rules values from /project/work/pdk/ihp-sg13g2/libs.tech/klayout/tech/drc/rule_decks/sg13g2_tech_default.json
2026-09-18 08:02:10 +0000: Memory Usage (432388K) : The following rules values were missing in tech json and default values were used:
2026-09-18 08:02:10 +0000: Memory Usage (432388K) :   - Cnt_c_digibnd
2026-09-18 08:02:10 +0000: Memory Usage (433028K) : Total area of the design is 63400.5792 um^2.
2026-09-18 08:02:10 +0000: Memory Usage (433028K) : The design dimensions are 202.08 µm * 313.74 µm.
2026-09-18 08:02:10 +0000: Memory Usage (433028K) : Starting general IHP-SG13G2 derivations.
2026-09-18 08:02:10 +0000: Memory Usage (433028K) : Starting Pwell derivations
2026-09-18 08:02:10 +0000: Memory Usage (440424K) : Starting n-Activ derivations
2026-09-18 08:02:11 +0000: Memory Usage (443880K) : Starting p-Activ derivations
2026-09-18 08:02:11 +0000: Memory Usage (443880K) : Starting ptap derivations
2026-09-18 08:02:11 +0000: Memory Usage (443880K) : Starting ntap derivations
2026-09-18 08:02:11 +0000: Memory Usage (443880K) : Starting pact FET derivations
2026-09-18 08:02:11 +0000: Memory Usage (443880K) : Starting nact FET derivations
2026-09-18 08:02:11 +0000: Memory Usage (443880K) : Starting Gate derivations
2026-09-18 08:02:11 +0000: Memory Usage (443880K) : Starting cont/contbar general derivations
2026-09-18 08:02:11 +0000: Memory Usage (457192K) : Starting pad general derivations
2026-09-18 08:02:11 +0000: Memory Usage (457192K) : Starting IHP-SG13G2 DRC connectivity related derivations.
2026-09-18 08:02:11 +0000: Memory Usage (457192K) : Starting IHP-SG13G2 DRC connectivity setup
2026-09-18 08:02:12 +0000: Memory Usage (458472K) : Starting IHP-SG13G2 DRC rules.
2026-09-18 08:02:12 +0000: Memory Usage (458472K) : Running all FEOL rules
2026-09-18 08:02:12 +0000: Memory Usage (458472K) : Running all BEOL rules
2026-09-18 08:02:12 +0000: Memory Usage (458472K) : Running all PIN rules
2026-09-18 08:02:12 +0000: Memory Usage (458472K) : Running all FORBIDDEN rules
2026-09-18 08:02:12 +0000: Memory Usage (458472K) : Starting 5.1 NWell table
2026-09-18 08:02:12 +0000: Memory Usage (458472K) : Executing rule NW.b
2026-09-18 08:02:12 +0000: Memory Usage (459112K) : Executing rule NW.b1
2026-09-18 08:02:12 +0000: Memory Usage (459112K) : Starting 5.2 PWell:block
2026-09-18 08:02:12 +0000: Memory Usage (459112K) : Executing rule PWB.e
2026-09-18 08:02:12 +0000: Memory Usage (459112K) : Executing rule PWB.e1
2026-09-18 08:02:12 +0000: Memory Usage (459112K) : Executing rule PWB.f
2026-09-18 08:02:12 +0000: Memory Usage (459112K) : Executing rule PWB.f1
2026-09-18 08:02:12 +0000: Memory Usage (459112K) : Starting 5.3 nBuLay table
2026-09-18 08:02:12 +0000: Memory Usage (459880K) : Executing rule NBL.b
2026-09-18 08:02:12 +0000: Memory Usage (459880K) : Executing rule NBL.c
2026-09-18 08:02:12 +0000: Memory Usage (459880K) : Executing rule NBL.d
2026-09-18 08:02:12 +0000: Memory Usage (459880K) : Executing rule NBL.e
2026-09-18 08:02:12 +0000: Memory Usage (459880K) : Executing rule NBL.f
2026-09-18 08:02:12 +0000: Memory Usage (459880K) : Starting 5.5. Activ table
2026-09-18 08:02:12 +0000: Memory Usage (459880K) : Executing rule Act.a
2026-09-18 08:02:13 +0000: Memory Usage (459880K) : Executing rule Act.b
2026-09-18 08:02:13 +0000: Memory Usage (460904K) : Starting 5.6 Activ:filler table
2026-09-18 08:02:13 +0000: Memory Usage (460904K) : Executing rule AFil.c1
2026-09-18 08:02:13 +0000: Memory Usage (460904K) : Executing rule AFil.c
2026-09-18 08:02:13 +0000: Memory Usage (460904K) : Executing rule AFil.d
2026-09-18 08:02:13 +0000: Memory Usage (460904K) : Executing rule AFil.e
2026-09-18 08:02:13 +0000: Memory Usage (460904K) : Executing rule AFil.j
2026-09-18 08:02:13 +0000: Memory Usage (460904K) : Starting 5.7. ThickGateOx table
2026-09-18 08:02:13 +0000: Memory Usage (460904K) : Executing rule TGO.f
2026-09-18 08:02:13 +0000: Memory Usage (460904K) : Starting 5.8. GatPoly table
2026-09-18 08:02:13 +0000: Memory Usage (460904K) : Executing rule Gat.a
2026-09-18 08:02:13 +0000: Memory Usage (460904K) : Executing rule Gat.b
2026-09-18 08:02:13 +0000: Memory Usage (460904K) : Executing rule Gat.d
2026-09-18 08:02:13 +0000: Memory Usage (460904K) : Executing rule Gat.a1
2026-09-18 08:02:13 +0000: Memory Usage (461800K) : Executing rule Gat.a2
2026-09-18 08:02:13 +0000: Memory Usage (461800K) : Executing rule Gat.g
2026-09-18 08:02:13 +0000: Memory Usage (464872K) : Starting 5.9 GatPoly:filler
2026-09-18 08:02:13 +0000: Memory Usage (466408K) : Executing rule GFil.d
2026-09-18 08:02:13 +0000: Memory Usage (466664K) : Executing rule GFil.e
2026-09-18 08:02:13 +0000: Memory Usage (466792K) : Executing rule GFil.i
2026-09-18 08:02:13 +0000: Memory Usage (466920K) : Starting 5.10 pSD table
2026-09-18 08:02:13 +0000: Memory Usage (466920K) : Executing rule pSD.c1
2026-09-18 08:02:13 +0000: Memory Usage (468200K) : Starting 5.14. Cont table
2026-09-18 08:02:13 +0000: Memory Usage (468200K) : Executing rule Cnt.a
2026-09-18 08:02:13 +0000: Memory Usage (495976K) : Executing rule Cnt.b
2026-09-18 08:02:14 +0000: Memory Usage (495976K) : Executing rule Cnt.c
2026-09-18 08:02:14 +0000: Memory Usage (496360K) : Executing rule Cnt.c
2026-09-18 08:02:14 +0000: Memory Usage (496360K) : Executing rule Cnt.d
2026-09-18 08:02:14 +0000: Memory Usage (496360K) : Executing rule Cnt.e
2026-09-18 08:02:14 +0000: Memory Usage (496360K) : Executing rule Cnt.g1
2026-09-18 08:02:15 +0000: Memory Usage (496360K) : Executing rule Cnt.g2
2026-09-18 08:02:15 +0000: Memory Usage (496360K) : Starting 5.15. ContBar table
2026-09-18 08:02:15 +0000: Memory Usage (496360K) : Executing rule CntB.b1
2026-09-18 08:02:15 +0000: Memory Usage (496360K) : Executing rule CntB.h1
2026-09-18 08:02:15 +0000: Memory Usage (496360K) : Starting 6.1.3 NPN Substrate-Tie table
2026-09-18 08:02:15 +0000: Memory Usage (496360K) : Executing rule npn13G2.bR 
2026-09-18 08:02:15 +0000: Memory Usage (496360K) : Executing rule npn13G2L.cR 
2026-09-18 08:02:15 +0000: Memory Usage (496360K) : Executing rule npn13G2V.cR 
2026-09-18 08:02:15 +0000: Memory Usage (496360K) : Starting 6.7 Schottky diode table
2026-09-18 08:02:15 +0000: Memory Usage (496360K) : Executing rule Sdiod.d
2026-09-18 08:02:15 +0000: Memory Usage (496360K) : Executing rule Sdiod.e
2026-09-18 08:02:15 +0000: Memory Usage (496360K) : Starting 7.2 Latch-up table
2026-09-18 08:02:15 +0000: Memory Usage (496360K) : Executing rule LU.b
2026-09-18 08:02:16 +0000: Memory Usage (496360K) : Starting 5.16. Metal1 table
2026-09-18 08:02:16 +0000: Memory Usage (496360K) : Executing rule M1.a
2026-09-18 08:02:16 +0000: Memory Usage (498024K) : Executing rule M1.b
2026-09-18 08:02:17 +0000: Memory Usage (500712K) : Executing rule M1.e
2026-09-18 08:02:18 +0000: Memory Usage (500712K) : Executing rule M1.f
2026-09-18 08:02:18 +0000: Memory Usage (500712K) : Executing rule M1.g
2026-09-18 08:02:18 +0000: Memory Usage (504040K) : Executing rule M1.i
2026-09-18 08:02:18 +0000: Memory Usage (509544K) : Starting 5.17 Metaln table
2026-09-18 08:02:18 +0000: Memory Usage (509544K) : Executing rule M2.a
2026-09-18 08:02:18 +0000: Memory Usage (509544K) : Executing rule M2.b
2026-09-18 08:02:18 +0000: Memory Usage (509544K) : Executing rule M2.e
2026-09-18 08:02:18 +0000: Memory Usage (509544K) : Executing rule M2.f
2026-09-18 08:02:19 +0000: Memory Usage (499720K) : Executing rule M2.g
2026-09-18 08:02:19 +0000: Memory Usage (503944K) : Executing rule M2.i
2026-09-18 08:02:19 +0000: Memory Usage (508424K) : Executing rule M3.a
2026-09-18 08:02:19 +0000: Memory Usage (508424K) : Executing rule M3.b
2026-09-18 08:02:19 +0000: Memory Usage (508424K) : Executing rule M3.e
2026-09-18 08:02:19 +0000: Memory Usage (508424K) : Executing rule M3.f
2026-09-18 08:02:19 +0000: Memory Usage (508424K) : Executing rule M3.g
2026-09-18 08:02:19 +0000: Memory Usage (508424K) : Executing rule M3.i
2026-09-18 08:02:19 +0000: Memory Usage (508424K) : Executing rule M4.a
2026-09-18 08:02:19 +0000: Memory Usage (508424K) : Executing rule M4.b
2026-09-18 08:02:19 +0000: Memory Usage (508424K) : Executing rule M4.e
2026-09-18 08:02:19 +0000: Memory Usage (508424K) : Executing rule M4.f
2026-09-18 08:02:19 +0000: Memory Usage (499720K) : Executing rule M4.g
2026-09-18 08:02:19 +0000: Memory Usage (499720K) : Executing rule M4.i
2026-09-18 08:02:19 +0000: Memory Usage (499720K) : Executing rule M5.a
2026-09-18 08:02:19 +0000: Memory Usage (499720K) : Executing rule M5.b
2026-09-18 08:02:19 +0000: Memory Usage (499720K) : Executing rule M5.e
2026-09-18 08:02:19 +0000: Memory Usage (499720K) : Executing rule M5.f
2026-09-18 08:02:19 +0000: Memory Usage (499720K) : Executing rule M5.g
2026-09-18 08:02:19 +0000: Memory Usage (499720K) : Executing rule M5.i
2026-09-18 08:02:19 +0000: Memory Usage (499720K) : Starting 5.18 Metaln:filler table
2026-09-18 08:02:19 +0000: Memory Usage (499720K) : Executing rule M1Fil.c
2026-09-18 08:02:19 +0000: Memory Usage (499720K) : Executing rule M1Fil.a2
2026-09-18 08:02:19 +0000: Memory Usage (499720K) : Executing rule M2Fil.c
2026-09-18 08:02:19 +0000: Memory Usage (499720K) : Executing rule M2Fil.a2
2026-09-18 08:02:19 +0000: Memory Usage (499720K) : Executing rule M3Fil.c
2026-09-18 08:02:19 +0000: Memory Usage (499720K) : Executing rule M3Fil.a2
2026-09-18 08:02:19 +0000: Memory Usage (499720K) : Executing rule M4Fil.c
2026-09-18 08:02:19 +0000: Memory Usage (499720K) : Executing rule M4Fil.a2
2026-09-18 08:02:19 +0000: Memory Usage (499720K) : Executing rule M5Fil.c
2026-09-18 08:02:19 +0000: Memory Usage (499720K) : Executing rule M5Fil.a2
2026-09-18 08:02:19 +0000: Memory Usage (499720K) : Starting 5.19. Via1 table
2026-09-18 08:02:19 +0000: Memory Usage (499720K) : Starting 5.19. Via1 table derivations
2026-09-18 08:02:19 +0000: Memory Usage (499720K) : Executing rule V1.a
2026-09-18 08:02:19 +0000: Memory Usage (501384K) : Executing rule V1.b
2026-09-18 08:02:19 +0000: Memory Usage (501384K) : Executing rule V1.c
2026-09-18 08:02:19 +0000: Memory Usage (501384K) : Starting 5.20. Vian table
2026-09-18 08:02:19 +0000: Memory Usage (501384K) : Executing rule V2.a
2026-09-18 08:02:20 +0000: Memory Usage (501512K) : Executing rule V2.b
2026-09-18 08:02:20 +0000: Memory Usage (501512K) : Executing rule V2.c
2026-09-18 08:02:20 +0000: Memory Usage (501512K) : Executing rule V3.a
2026-09-18 08:02:20 +0000: Memory Usage (501512K) : Executing rule V3.b
2026-09-18 08:02:20 +0000: Memory Usage (501512K) : Executing rule V3.c
2026-09-18 08:02:20 +0000: Memory Usage (501512K) : Executing rule V4.a
2026-09-18 08:02:20 +0000: Memory Usage (501512K) : Executing rule V4.b
2026-09-18 08:02:20 +0000: Memory Usage (501512K) : Executing rule V4.c
2026-09-18 08:02:20 +0000: Memory Usage (501512K) : Starting 5.21. TopVia1 table
2026-09-18 08:02:20 +0000: Memory Usage (501512K) : Executing rule TV1.a
2026-09-18 08:02:20 +0000: Memory Usage (501512K) : Executing rule TV1.b
2026-09-18 08:02:20 +0000: Memory Usage (501512K) : Executing rule TV1.c
2026-09-18 08:02:20 +0000: Memory Usage (501512K) : Executing rule TV1.d
2026-09-18 08:02:20 +0000: Memory Usage (501512K) : Starting 5.22. TopMetal1 table
2026-09-18 08:02:20 +0000: Memory Usage (501512K) : Executing rule TM1.a
2026-09-18 08:02:20 +0000: Memory Usage (501512K) : Executing rule TM1.b
2026-09-18 08:02:20 +0000: Memory Usage (501512K) : Starting 5.23 TopMetal1:filler table
2026-09-18 08:02:20 +0000: Memory Usage (501512K) : Executing rule TM1Fil.c
2026-09-18 08:02:20 +0000: Memory Usage (501512K) : Executing rule TM1Fil.a1
2026-09-18 08:02:20 +0000: Memory Usage (501512K) : Starting 5.24. TopVia2 table
2026-09-18 08:02:20 +0000: Memory Usage (501512K) : Executing rule TV2.a
2026-09-18 08:02:20 +0000: Memory Usage (501512K) : Executing rule TV2.b
2026-09-18 08:02:20 +0000: Memory Usage (501512K) : Executing rule TV2.c
2026-09-18 08:02:20 +0000: Memory Usage (501512K) : Executing rule TV2.d
2026-09-18 08:02:20 +0000: Memory Usage (501512K) : Starting 5.25. TopMetal2 table
2026-09-18 08:02:20 +0000: Memory Usage (501512K) : Executing rule TM2.a
2026-09-18 08:02:20 +0000: Memory Usage (501512K) : Executing rule TM2.b
2026-09-18 08:02:20 +0000: Memory Usage (501512K) : Executing rule TM2.bR
2026-09-18 08:02:20 +0000: Memory Usage (501512K) : Starting 5.26 TopMetal2:filler table
2026-09-18 08:02:20 +0000: Memory Usage (501512K) : Executing rule TM2Fil.c
2026-09-18 08:02:20 +0000: Memory Usage (501512K) : Executing rule TM2Fil.a1
2026-09-18 08:02:20 +0000: Memory Usage (501512K) : Starting 5.27. Passiv table
2026-09-18 08:02:20 +0000: Memory Usage (501512K) : Executing rule Pas.a
2026-09-18 08:02:20 +0000: Memory Usage (501512K) : Executing rule Pas.b
2026-09-18 08:02:20 +0000: Memory Usage (501512K) : Executing rule Pas.c
2026-09-18 08:02:20 +0000: Memory Usage (501512K) : Starting 6.9.2 Copper Pillar table
2026-09-18 08:02:20 +0000: Memory Usage (501512K) : Executing rule Padc.a
2026-09-18 08:02:20 +0000: Memory Usage (501512K) : Executing rule Padc.b
2026-09-18 08:02:20 +0000: Memory Usage (501512K) : Executing rule Padc.c
2026-09-18 08:02:20 +0000: Memory Usage (501512K) : Executing rule Padb.f
2026-09-18 08:02:20 +0000: Memory Usage (501512K) : Starting 6.9 Pad table
2026-09-18 08:02:20 +0000: Memory Usage (501512K) : Executing rule Pad.m
2026-09-18 08:02:20 +0000: Memory Usage (501512K) : Executing rule Pad.fR_M1
2026-09-18 08:02:20 +0000: Memory Usage (501512K) : Executing rule Pad.fR_M2
2026-09-18 08:02:20 +0000: Memory Usage (501512K) : Executing rule Pad.fR_M3
2026-09-18 08:02:20 +0000: Memory Usage (501512K) : Executing rule Pad.fR_M4
2026-09-18 08:02:20 +0000: Memory Usage (501512K) : Executing rule Pad.fR_M5
2026-09-18 08:02:20 +0000: Memory Usage (501512K) : Executing rule Pad.fR_TM1
2026-09-18 08:02:20 +0000: Memory Usage (501512K) : Executing rule Pad.fR_TM2
2026-09-18 08:02:20 +0000: Memory Usage (501512K) : Executing rule Pad.i
2026-09-18 08:02:20 +0000: Memory Usage (501512K) : Starting 6.9.1 Solder Bump
2026-09-18 08:02:20 +0000: Memory Usage (501512K) : Executing rule Padb.a
2026-09-18 08:02:20 +0000: Memory Usage (501512K) : Executing rule Padb.b
2026-09-18 08:02:20 +0000: Memory Usage (501512K) : Executing rule Padb.c
2026-09-18 08:02:20 +0000: Memory Usage (501512K) : Executing rule Padb.f
2026-09-18 08:02:20 +0000: Memory Usage (501512K) : Executing rule Padb.d
2026-09-18 08:02:20 +0000: Memory Usage (501640K) : Starting 6.10 Sealring table
2026-09-18 08:02:20 +0000: Memory Usage (501640K) : Executing rule Seal.l
2026-09-18 08:02:20 +0000: Memory Usage (501640K) : Executing rule Seal.n
2026-09-18 08:02:20 +0000: Memory Usage (501640K) : Executing rule seal.b_metal1
2026-09-18 08:02:20 +0000: Memory Usage (501640K) : Executing rule seal.b_metal2
2026-09-18 08:02:20 +0000: Memory Usage (501640K) : Executing rule seal.b_metal3
2026-09-18 08:02:20 +0000: Memory Usage (501640K) : Executing rule seal.b_metal4
2026-09-18 08:02:20 +0000: Memory Usage (501640K) : Executing rule seal.b_metal5
2026-09-18 08:02:20 +0000: Memory Usage (501640K) : Executing rule seal.b_topmetal1
2026-09-18 08:02:20 +0000: Memory Usage (501640K) : Executing rule seal.b_topmetal2
2026-09-18 08:02:20 +0000: Memory Usage (501768K) : Executing rule seal.b_activ
2026-09-18 08:02:20 +0000: Memory Usage (501768K) : Executing rule seal.b_psd
2026-09-18 08:02:20 +0000: Memory Usage (501768K) : Executing rule Seal.k
2026-09-18 08:02:20 +0000: Memory Usage (501768K) : Executing rule Seal.m
2026-09-18 08:02:20 +0000: Memory Usage (501768K) : Starting 6.11 MIM table
2026-09-18 08:02:20 +0000: Memory Usage (501768K) : Executing rule MIM.c
2026-09-18 08:02:20 +0000: Memory Usage (501768K) : Executing rule MIM.d
2026-09-18 08:02:20 +0000: Memory Usage (501768K) : Executing rule MIM.gR
2026-09-18 08:02:20 +0000: Memory Usage (501768K) : Starting 7.3 Metal Slits table
2026-09-18 08:02:20 +0000: Memory Usage (501768K) : Executing rule Slt.e1_M1
2026-09-18 08:02:20 +0000: Memory Usage (501768K) : Executing rule Slt.e1_M2
2026-09-18 08:02:20 +0000: Memory Usage (501896K) : Executing rule Slt.e1_M3
2026-09-18 08:02:20 +0000: Memory Usage (501896K) : Executing rule Slt.e1_M4
2026-09-18 08:02:20 +0000: Memory Usage (501896K) : Executing rule Slt.e1_M5
2026-09-18 08:02:20 +0000: Memory Usage (501896K) : Executing rule Slt.e1_TM1
2026-09-18 08:02:20 +0000: Memory Usage (501896K) : Executing rule Slt.e1_TM2
2026-09-18 08:02:20 +0000: Memory Usage (501896K) : Starting 9.1. LBE table
2026-09-18 08:02:20 +0000: Memory Usage (501896K) : Executing rule LBE.a
2026-09-18 08:02:20 +0000: Memory Usage (501896K) : Executing rule LBE.b
2026-09-18 08:02:20 +0000: Memory Usage (501896K) : Executing rule LBE.b1
2026-09-18 08:02:20 +0000: Memory Usage (502024K) : Executing rule LBE.c
2026-09-18 08:02:20 +0000: Memory Usage (502024K) : Executing rule LBE.d
2026-09-18 08:02:20 +0000: Memory Usage (502024K) : Executing rule LBE.h
2026-09-18 08:02:20 +0000: Memory Usage (502024K) : Starting 7.4. PIN table
2026-09-18 08:02:20 +0000: Memory Usage (502024K) : Executing rule Pin.a
2026-09-18 08:02:20 +0000: Memory Usage (502024K) : Executing rule Pin.b
2026-09-18 08:02:20 +0000: Memory Usage (502024K) : Executing rule Pin.e
2026-09-18 08:02:20 +0000: Memory Usage (502024K) : Executing rule Pin.f_M2
2026-09-18 08:02:20 +0000: Memory Usage (502024K) : Executing rule Pin.f_M3
2026-09-18 08:02:20 +0000: Memory Usage (502024K) : Executing rule Pin.f_M4
2026-09-18 08:02:20 +0000: Memory Usage (502024K) : Executing rule Pin.f_M5
2026-09-18 08:02:20 +0000: Memory Usage (502024K) : Executing rule Pin.g
2026-09-18 08:02:20 +0000: Memory Usage (502024K) : Executing rule Pin.h
2026-09-18 08:02:20 +0000: Memory Usage (502024K) : Starting 3.2. FORBIDDEN table
2026-09-18 08:02:20 +0000: Memory Usage (502024K) : Executing rule forbidden.biwind
2026-09-18 08:02:20 +0000: Memory Usage (502024K) : Executing rule forbidden.pemwind
2026-09-18 08:02:20 +0000: Memory Usage (502024K) : Executing rule forbidden.baspoly
2026-09-18 08:02:20 +0000: Memory Usage (502024K) : Executing rule forbidden.deepco
2026-09-18 08:02:20 +0000: Memory Usage (502024K) : Executing rule forbidden.pempoly
2026-09-18 08:02:20 +0000: Memory Usage (502024K) : Executing rule forbidden.empoly
2026-09-18 08:02:20 +0000: Memory Usage (502024K) : Executing rule forbidden.ldmos
2026-09-18 08:02:20 +0000: Memory Usage (502024K) : Executing rule forbidden.pbiwind
2026-09-18 08:02:20 +0000: Memory Usage (502024K) : Executing rule forbidden.nodrc
2026-09-18 08:02:20 +0000: Memory Usage (502024K) : Executing rule forbidden.flash
2026-09-18 08:02:20 +0000: Memory Usage (502024K) : Executing rule forbidden.colwind
2026-09-18 08:02:20 +0000: Memory Usage (502024K) : KLayout DRC run for tables 'main' completed in 10.3 seconds
