2026-09-18 09:42:38 +0000: Memory Usage (412640K) : Starting running IHP-SG13G2 KLayout DRC runset on /project/work/revision-4/tt_submission/tt_submission/tt_um_fabien_pio.gds
2026-09-18 09:42:38 +0000: Memory Usage (412640K) : Ruby Version for klayout: 3.3.10
2026-09-18 09:42:38 +0000: Memory Usage (416164K) : Loading database to memory is complete.
2026-09-18 09:42:38 +0000: Memory Usage (416164K) : IHP-SG13G2 KLayout DRC runset output at: /project/work/revision-4/astrapio-current.xml
2026-09-18 09:42:38 +0000: Memory Usage (416164K) : Evaluate switches.
2026-09-18 09:42:38 +0000: Memory Usage (416164K) : tables selected: main
2026-09-18 09:42:38 +0000: Memory Usage (416164K) : KLayout will use 1 thread(s) in tiling mode.
2026-09-18 09:42:38 +0000: Memory Usage (416164K) : deep mode is enabled.
2026-09-18 09:42:38 +0000: Memory Usage (416164K) : FEOL enabled: true
2026-09-18 09:42:38 +0000: Memory Usage (416164K) : BEOL enabled: true
2026-09-18 09:42:38 +0000: Memory Usage (416164K) : OFFGRID enabled: true
2026-09-18 09:42:38 +0000: Memory Usage (416164K) : ANGLE enabled: true
2026-09-18 09:42:38 +0000: Memory Usage (416164K) : PIN enabled: true
2026-09-18 09:42:38 +0000: Memory Usage (416164K) : FORBIDDEN enabled: true
2026-09-18 09:42:38 +0000: Memory Usage (416164K) : RECOMMENDED enabled: true
2026-09-18 09:42:38 +0000: Memory Usage (416164K) : PreCheck DRC enabled: false
2026-09-18 09:42:38 +0000: Memory Usage (416164K) : CONNECTIVITY_RULES enabled: true.
2026-09-18 09:42:38 +0000: Memory Usage (416164K) : Read in polygons from layers.
2026-09-18 09:42:39 +0000: Memory Usage (417700K) : activ_drw has 51647 polygons
2026-09-18 09:42:39 +0000: Memory Usage (417956K) : activ_pin has 0 polygons
2026-09-18 09:42:39 +0000: Memory Usage (418084K) : activ_mask has 0 polygons
2026-09-18 09:42:39 +0000: Memory Usage (418084K) : activ_filler has 0 polygons
2026-09-18 09:42:39 +0000: Memory Usage (418212K) : activ_nofill has 0 polygons
2026-09-18 09:42:39 +0000: Memory Usage (418212K) : activ_opc has 0 polygons
2026-09-18 09:42:39 +0000: Memory Usage (418340K) : activ_iopc has 0 polygons
2026-09-18 09:42:39 +0000: Memory Usage (418340K) : activ_noqrc has 0 polygons
2026-09-18 09:42:39 +0000: Memory Usage (418340K) : biwind_drw has 0 polygons
2026-09-18 09:42:39 +0000: Memory Usage (418468K) : biwind_opc has 0 polygons
2026-09-18 09:42:39 +0000: Memory Usage (418468K) : pemwind_drw has 0 polygons
2026-09-18 09:42:39 +0000: Memory Usage (418468K) : gatpoly_drw has 49772 polygons
2026-09-18 09:42:39 +0000: Memory Usage (418596K) : gatpoly_pin has 0 polygons
2026-09-18 09:42:39 +0000: Memory Usage (418724K) : gatpoly_filler has 0 polygons
2026-09-18 09:42:39 +0000: Memory Usage (418724K) : gatpoly_nofill has 0 polygons
2026-09-18 09:42:39 +0000: Memory Usage (418852K) : gatpoly_opc has 0 polygons
2026-09-18 09:42:39 +0000: Memory Usage (418852K) : gatpoly_iopc has 0 polygons
2026-09-18 09:42:39 +0000: Memory Usage (418980K) : gatpoly_noqrc has 0 polygons
2026-09-18 09:42:39 +0000: Memory Usage (418980K) : cont_drw has 180647 polygons
2026-09-18 09:42:39 +0000: Memory Usage (419108K) : cont_opc has 0 polygons
2026-09-18 09:42:39 +0000: Memory Usage (419236K) : nsd_drw has 0 polygons
2026-09-18 09:42:39 +0000: Memory Usage (419236K) : nsd_block has 0 polygons
2026-09-18 09:42:39 +0000: Memory Usage (419620K) : metal1_drw has 106400 polygons
2026-09-18 09:42:39 +0000: Memory Usage (419876K) : metal1_pin has 19370 polygons
2026-09-18 09:42:39 +0000: Memory Usage (420132K) : metal1_mask has 0 polygons
2026-09-18 09:42:39 +0000: Memory Usage (420132K) : metal1_filler has 0 polygons
2026-09-18 09:42:39 +0000: Memory Usage (420132K) : metal1_nofill has 0 polygons
2026-09-18 09:42:39 +0000: Memory Usage (420132K) : metal1_slit has 0 polygons
2026-09-18 09:42:39 +0000: Memory Usage (420388K) : metal1_text has 16224 polygons
2026-09-18 09:42:39 +0000: Memory Usage (420388K) : metal1_opc has 0 polygons
2026-09-18 09:42:39 +0000: Memory Usage (420388K) : metal1_noqrc has 0 polygons
2026-09-18 09:42:39 +0000: Memory Usage (420516K) : metal1_res has 15 polygons
2026-09-18 09:42:39 +0000: Memory Usage (420516K) : metal1_iprobe has 0 polygons
2026-09-18 09:42:39 +0000: Memory Usage (420516K) : metal1_diffprb has 0 polygons
2026-09-18 09:42:39 +0000: Memory Usage (420644K) : passiv_drw has 0 polygons
2026-09-18 09:42:39 +0000: Memory Usage (420644K) : passiv_pin has 0 polygons
2026-09-18 09:42:39 +0000: Memory Usage (420772K) : passiv_sbump has 0 polygons
2026-09-18 09:42:39 +0000: Memory Usage (420772K) : passiv_pillar has 0 polygons
2026-09-18 09:42:39 +0000: Memory Usage (420900K) : passiv_pdl has 0 polygons
2026-09-18 09:42:39 +0000: Memory Usage (421412K) : metal2_drw has 42625 polygons
2026-09-18 09:42:39 +0000: Memory Usage (421668K) : metal2_pin has 23498 polygons
2026-09-18 09:42:39 +0000: Memory Usage (421796K) : metal2_mask has 0 polygons
2026-09-18 09:42:39 +0000: Memory Usage (421796K) : metal2_filler has 0 polygons
2026-09-18 09:42:39 +0000: Memory Usage (421924K) : metal2_nofill has 0 polygons
2026-09-18 09:42:39 +0000: Memory Usage (421924K) : metal2_slit has 0 polygons
2026-09-18 09:42:39 +0000: Memory Usage (422052K) : metal2_text has 15170 polygons
2026-09-18 09:42:39 +0000: Memory Usage (422052K) : metal2_opc has 0 polygons
2026-09-18 09:42:39 +0000: Memory Usage (422180K) : metal2_noqrc has 0 polygons
2026-09-18 09:42:39 +0000: Memory Usage (422180K) : metal2_res has 4100 polygons
2026-09-18 09:42:39 +0000: Memory Usage (422308K) : metal2_iprobe has 0 polygons
2026-09-18 09:42:39 +0000: Memory Usage (422308K) : metal2_diffprb has 0 polygons
2026-09-18 09:42:39 +0000: Memory Usage (422436K) : baspoly_drw has 0 polygons
2026-09-18 09:42:39 +0000: Memory Usage (422436K) : baspoly_pin has 0 polygons
2026-09-18 09:42:39 +0000: Memory Usage (422564K) : psd_drw has 13531 polygons
2026-09-18 09:42:39 +0000: Memory Usage (422564K) : nldb_drw has 0 polygons
2026-09-18 09:42:39 +0000: Memory Usage (422692K) : digibnd_drw has 3230 polygons
2026-09-18 09:42:39 +0000: Memory Usage (422948K) : via1_drw has 36514 polygons
2026-09-18 09:42:39 +0000: Memory Usage (423204K) : backmetal1_drw has 0 polygons
2026-09-18 09:42:39 +0000: Memory Usage (423204K) : backmetal1_pin has 0 polygons
2026-09-18 09:42:39 +0000: Memory Usage (423204K) : backmetal1_mask has 0 polygons
2026-09-18 09:42:39 +0000: Memory Usage (423204K) : backmetal1_filler has 0 polygons
2026-09-18 09:42:39 +0000: Memory Usage (423204K) : backmetal1_nofill has 0 polygons
2026-09-18 09:42:39 +0000: Memory Usage (423332K) : backmetal1_slit has 0 polygons
2026-09-18 09:42:39 +0000: Memory Usage (423332K) : backmetal1_text has 0 polygons
2026-09-18 09:42:39 +0000: Memory Usage (423460K) : backmetal1_opc has 0 polygons
2026-09-18 09:42:39 +0000: Memory Usage (423460K) : backmetal1_noqrc has 0 polygons
2026-09-18 09:42:39 +0000: Memory Usage (423588K) : backmetal1_res has 0 polygons
2026-09-18 09:42:39 +0000: Memory Usage (423588K) : backmetal1_iprobe has 0 polygons
2026-09-18 09:42:39 +0000: Memory Usage (423716K) : backmetal1_diffprb has 0 polygons
2026-09-18 09:42:39 +0000: Memory Usage (423716K) : backpassiv_drw has 0 polygons
2026-09-18 09:42:39 +0000: Memory Usage (423844K) : res_drw has 0 polygons
2026-09-18 09:42:39 +0000: Memory Usage (423844K) : sram_drw has 2448 polygons
2026-09-18 09:42:39 +0000: Memory Usage (423972K) : trans_drw has 0 polygons
2026-09-18 09:42:39 +0000: Memory Usage (423972K) : ind_drw has 0 polygons
2026-09-18 09:42:39 +0000: Memory Usage (424100K) : ind_pin has 0 polygons
2026-09-18 09:42:39 +0000: Memory Usage (424100K) : ind_text has 0 polygons
2026-09-18 09:42:39 +0000: Memory Usage (424100K) : salblock_drw has 0 polygons
2026-09-18 09:42:39 +0000: Memory Usage (424356K) : via2_drw has 23344 polygons
2026-09-18 09:42:39 +0000: Memory Usage (424740K) : metal3_drw has 18671 polygons
2026-09-18 09:42:39 +0000: Memory Usage (424868K) : metal3_pin has 11544 polygons
2026-09-18 09:42:39 +0000: Memory Usage (424996K) : metal3_mask has 0 polygons
2026-09-18 09:42:39 +0000: Memory Usage (425124K) : metal3_filler has 0 polygons
2026-09-18 09:42:39 +0000: Memory Usage (425124K) : metal3_nofill has 0 polygons
2026-09-18 09:42:39 +0000: Memory Usage (425252K) : metal3_slit has 0 polygons
2026-09-18 09:42:39 +0000: Memory Usage (425252K) : metal3_text has 6696 polygons
2026-09-18 09:42:39 +0000: Memory Usage (425380K) : metal3_opc has 0 polygons
2026-09-18 09:42:39 +0000: Memory Usage (425380K) : metal3_noqrc has 0 polygons
2026-09-18 09:42:39 +0000: Memory Usage (425508K) : metal3_res has 2096 polygons
2026-09-18 09:42:39 +0000: Memory Usage (425508K) : metal3_iprobe has 0 polygons
2026-09-18 09:42:39 +0000: Memory Usage (425636K) : metal3_diffprb has 0 polygons
2026-09-18 09:42:39 +0000: Memory Usage (425636K) : nwell_drw has 8931 polygons
2026-09-18 09:42:39 +0000: Memory Usage (425764K) : nwell_pin has 0 polygons
2026-09-18 09:42:39 +0000: Memory Usage (425764K) : nbulay_drw has 0 polygons
2026-09-18 09:42:39 +0000: Memory Usage (425892K) : nbulay_pin has 0 polygons
2026-09-18 09:42:39 +0000: Memory Usage (425892K) : nbulay_block has 0 polygons
2026-09-18 09:42:39 +0000: Memory Usage (426020K) : emwind_drw has 0 polygons
2026-09-18 09:42:39 +0000: Memory Usage (426020K) : emwind_opc has 0 polygons
2026-09-18 09:42:39 +0000: Memory Usage (426148K) : deepco_drw has 0 polygons
2026-09-18 09:42:39 +0000: Memory Usage (426148K) : deepco_drw has 0 polygons
2026-09-18 09:42:39 +0000: Memory Usage (426276K) : mim_drw has 0 polygons
2026-09-18 09:42:39 +0000: Memory Usage (426276K) : edgeseal_drw has 0 polygons
2026-09-18 09:42:39 +0000: Memory Usage (426404K) : edgeseal_bound has 0 polygons
2026-09-18 09:42:39 +0000: Memory Usage (426404K) : substrate_drw has 0 polygons
2026-09-18 09:42:39 +0000: Memory Usage (426532K) : substrate_text has 0 polygons
2026-09-18 09:42:39 +0000: Memory Usage (426532K) : dfpad_drw has 0 polygons
2026-09-18 09:42:39 +0000: Memory Usage (426660K) : dfpad_pillar has 0 polygons
2026-09-18 09:42:39 +0000: Memory Usage (426660K) : dfpad_sbump has 0 polygons
2026-09-18 09:42:39 +0000: Memory Usage (426788K) : thickgateox_drw has 0 polygons
2026-09-18 09:42:39 +0000: Memory Usage (426788K) : pldb_drw has 0 polygons
2026-09-18 09:42:39 +0000: Memory Usage (426916K) : pwell_drw has 0 polygons
2026-09-18 09:42:39 +0000: Memory Usage (426916K) : pwell_pin has 0 polygons
2026-09-18 09:42:39 +0000: Memory Usage (427044K) : pwell_block has 0 polygons
2026-09-18 09:42:39 +0000: Memory Usage (427044K) : ic_drw has 0 polygons
2026-09-18 09:42:39 +0000: Memory Usage (427172K) : via3_drw has 11390 polygons
2026-09-18 09:42:39 +0000: Memory Usage (427300K) : metal4_drw has 3724 polygons
2026-09-18 09:42:39 +0000: Memory Usage (427428K) : metal4_pin has 99 polygons
2026-09-18 09:42:39 +0000: Memory Usage (427428K) : metal4_mask has 0 polygons
2026-09-18 09:42:39 +0000: Memory Usage (427556K) : metal4_filler has 0 polygons
2026-09-18 09:42:39 +0000: Memory Usage (427556K) : metal4_nofill has 0 polygons
2026-09-18 09:42:39 +0000: Memory Usage (427684K) : metal4_slit has 0 polygons
2026-09-18 09:42:39 +0000: Memory Usage (427684K) : metal4_text has 99 polygons
2026-09-18 09:42:39 +0000: Memory Usage (427684K) : metal4_opc has 0 polygons
2026-09-18 09:42:39 +0000: Memory Usage (427812K) : metal4_noqrc has 0 polygons
2026-09-18 09:42:39 +0000: Memory Usage (427812K) : metal4_res has 0 polygons
2026-09-18 09:42:39 +0000: Memory Usage (427940K) : metal4_iprobe has 0 polygons
2026-09-18 09:42:39 +0000: Memory Usage (427940K) : metal4_diffprb has 0 polygons
2026-09-18 09:42:39 +0000: Memory Usage (428068K) : heattrans_drw has 0 polygons
2026-09-18 09:42:39 +0000: Memory Usage (428068K) : heatres_drw has 0 polygons
2026-09-18 09:42:39 +0000: Memory Usage (428196K) : pempoly_drw has 0 polygons
2026-09-18 09:42:39 +0000: Memory Usage (428196K) : fbe_drw has 0 polygons
2026-09-18 09:42:39 +0000: Memory Usage (428324K) : empoly_drw has 0 polygons
2026-09-18 09:42:39 +0000: Memory Usage (428324K) : ldmos_drw has 0 polygons
2026-09-18 09:42:39 +0000: Memory Usage (428324K) : pbiwind_drw has 0 polygons
2026-09-18 09:42:39 +0000: Memory Usage (428452K) : digisub_drw has 0 polygons
2026-09-18 09:42:39 +0000: Memory Usage (428452K) : nodrc_drw has 0 polygons
2026-09-18 09:42:39 +0000: Memory Usage (428580K) : text_drw has 25252 polygons
2026-09-18 09:42:39 +0000: Memory Usage (428580K) : via4_drw has 4260 polygons
2026-09-18 09:42:39 +0000: Memory Usage (428836K) : metal5_drw has 984 polygons
2026-09-18 09:42:39 +0000: Memory Usage (428836K) : metal5_pin has 0 polygons
2026-09-18 09:42:39 +0000: Memory Usage (428964K) : metal5_mask has 0 polygons
2026-09-18 09:42:39 +0000: Memory Usage (428964K) : metal5_filler has 0 polygons
2026-09-18 09:42:39 +0000: Memory Usage (428964K) : metal5_nofill has 0 polygons
2026-09-18 09:42:39 +0000: Memory Usage (429092K) : metal5_slit has 0 polygons
2026-09-18 09:42:39 +0000: Memory Usage (429092K) : metal5_text has 0 polygons
2026-09-18 09:42:39 +0000: Memory Usage (429220K) : metal5_opc has 0 polygons
2026-09-18 09:42:39 +0000: Memory Usage (429220K) : metal5_noqrc has 0 polygons
2026-09-18 09:42:39 +0000: Memory Usage (429348K) : metal5_res has 0 polygons
2026-09-18 09:42:39 +0000: Memory Usage (429348K) : metal5_iprobe has 0 polygons
2026-09-18 09:42:39 +0000: Memory Usage (429348K) : metal5_diffprb has 0 polygons
2026-09-18 09:42:39 +0000: Memory Usage (429476K) : radhard_drw has 0 polygons
2026-09-18 09:42:39 +0000: Memory Usage (429476K) : memcap_drw has 0 polygons
2026-09-18 09:42:39 +0000: Memory Usage (429604K) : varicap_drw has 0 polygons
2026-09-18 09:42:39 +0000: Memory Usage (429604K) : flash_drw has 0 polygons
2026-09-18 09:42:39 +0000: Memory Usage (429732K) : intbondvia_drw has 0 polygons
2026-09-18 09:42:39 +0000: Memory Usage (429732K) : intbondmet_drw has 0 polygons
2026-09-18 09:42:39 +0000: Memory Usage (429860K) : devbondvia_drw has 0 polygons
2026-09-18 09:42:39 +0000: Memory Usage (429860K) : devbondmet_drw has 0 polygons
2026-09-18 09:42:39 +0000: Memory Usage (429988K) : devtrench_drw has 0 polygons
2026-09-18 09:42:39 +0000: Memory Usage (429988K) : redist_drw has 0 polygons
2026-09-18 09:42:39 +0000: Memory Usage (429988K) : graphbot_drw has 0 polygons
2026-09-18 09:42:39 +0000: Memory Usage (430116K) : graphtop_drw has 0 polygons
2026-09-18 09:42:39 +0000: Memory Usage (430116K) : antvia1_drw has 0 polygons
2026-09-18 09:42:39 +0000: Memory Usage (430244K) : antmetal2_drw has 0 polygons
2026-09-18 09:42:39 +0000: Memory Usage (430244K) : graphcont_drw has 0 polygons
2026-09-18 09:42:39 +0000: Memory Usage (430372K) : siwg_drw has 0 polygons
2026-09-18 09:42:39 +0000: Memory Usage (430372K) : siwg_filler has 0 polygons
2026-09-18 09:42:39 +0000: Memory Usage (430500K) : siwg_nofill has 0 polygons
2026-09-18 09:42:39 +0000: Memory Usage (430500K) : sigrating_drw has 0 polygons
2026-09-18 09:42:39 +0000: Memory Usage (430628K) : singrating_drw has 0 polygons
2026-09-18 09:42:39 +0000: Memory Usage (430628K) : graphpas_drw has 0 polygons
2026-09-18 09:42:39 +0000: Memory Usage (430628K) : emwind3_drw has 0 polygons
2026-09-18 09:42:39 +0000: Memory Usage (430756K) : emwihv3_drw has 0 polygons
2026-09-18 09:42:39 +0000: Memory Usage (430756K) : redbulay_drw has 0 polygons
2026-09-18 09:42:39 +0000: Memory Usage (430884K) : smos_drw has 0 polygons
2026-09-18 09:42:39 +0000: Memory Usage (430884K) : graphpad_drw has 0 polygons
2026-09-18 09:42:39 +0000: Memory Usage (431012K) : polimide_drw has 0 polygons
2026-09-18 09:42:39 +0000: Memory Usage (431012K) : polimide_pin has 0 polygons
2026-09-18 09:42:39 +0000: Memory Usage (431140K) : recog_drw has 0 polygons
2026-09-18 09:42:39 +0000: Memory Usage (431140K) : recog_pin has 0 polygons
2026-09-18 09:42:39 +0000: Memory Usage (431140K) : recog_esd has 0 polygons
2026-09-18 09:42:39 +0000: Memory Usage (431268K) : recog_diode has 14 polygons
2026-09-18 09:42:39 +0000: Memory Usage (431268K) : recog_tsv has 0 polygons
2026-09-18 09:42:39 +0000: Memory Usage (431396K) : recog_iprobe has 0 polygons
2026-09-18 09:42:39 +0000: Memory Usage (431396K) : recog_diffprb has 0 polygons
2026-09-18 09:42:39 +0000: Memory Usage (431524K) : recog_pillar has 0 polygons
2026-09-18 09:42:39 +0000: Memory Usage (431524K) : recog_sbump has 0 polygons
2026-09-18 09:42:39 +0000: Memory Usage (431652K) : recog_otp has 0 polygons
2026-09-18 09:42:39 +0000: Memory Usage (431652K) : recog_pdiode has 0 polygons
2026-09-18 09:42:39 +0000: Memory Usage (431780K) : recog_mom has 0 polygons
2026-09-18 09:42:39 +0000: Memory Usage (431780K) : recog_momf has 0 polygons
2026-09-18 09:42:39 +0000: Memory Usage (431780K) : recog_pcm has 0 polygons
2026-09-18 09:42:39 +0000: Memory Usage (431908K) : colopen_drw has 0 polygons
2026-09-18 09:42:39 +0000: Memory Usage (431908K) : graphmetal1_drw has 0 polygons
2026-09-18 09:42:39 +0000: Memory Usage (432036K) : graphmetal1_filler has 0 polygons
2026-09-18 09:42:39 +0000: Memory Usage (432036K) : graphmetal1_nofill has 0 polygons
2026-09-18 09:42:39 +0000: Memory Usage (432164K) : graphmetal1_slit has 0 polygons
2026-09-18 09:42:39 +0000: Memory Usage (432164K) : graphmetal1_opc has 0 polygons
2026-09-18 09:42:39 +0000: Memory Usage (432292K) : graphmet1l_drw has 0 polygons
2026-09-18 09:42:39 +0000: Memory Usage (432292K) : graphmet1l_filler has 0 polygons
2026-09-18 09:42:39 +0000: Memory Usage (432420K) : graphmet1l_nofill has 0 polygons
2026-09-18 09:42:39 +0000: Memory Usage (432420K) : graphmet1l_slit has 0 polygons
2026-09-18 09:42:39 +0000: Memory Usage (432420K) : graphmet1l_opc has 0 polygons
2026-09-18 09:42:39 +0000: Memory Usage (432548K) : extblock_drw has 0 polygons
2026-09-18 09:42:39 +0000: Memory Usage (432548K) : nldd_drw has 0 polygons
2026-09-18 09:42:39 +0000: Memory Usage (432676K) : pldd_drw has 0 polygons
2026-09-18 09:42:39 +0000: Memory Usage (432676K) : next_drw has 0 polygons
2026-09-18 09:42:39 +0000: Memory Usage (432676K) : pext_drw has 0 polygons
2026-09-18 09:42:39 +0000: Memory Usage (432676K) : nexthv_drw has 0 polygons
2026-09-18 09:42:39 +0000: Memory Usage (432676K) : pexthv_drw has 0 polygons
2026-09-18 09:42:39 +0000: Memory Usage (432676K) : graphgate_drw has 0 polygons
2026-09-18 09:42:39 +0000: Memory Usage (432676K) : sinwg_drw has 0 polygons
2026-09-18 09:42:39 +0000: Memory Usage (432676K) : sinwg_filler has 0 polygons
2026-09-18 09:42:39 +0000: Memory Usage (432676K) : sinwg_nofill has 0 polygons
2026-09-18 09:42:39 +0000: Memory Usage (432676K) : mempad_drw has 0 polygons
2026-09-18 09:42:39 +0000: Memory Usage (432676K) : topvia1_drw has 946 polygons
2026-09-18 09:42:39 +0000: Memory Usage (432676K) : topmetal1_drw has 45 polygons
2026-09-18 09:42:39 +0000: Memory Usage (432676K) : topmetal1_pin has 10 polygons
2026-09-18 09:42:39 +0000: Memory Usage (432676K) : topmetal1_mask has 0 polygons
2026-09-18 09:42:39 +0000: Memory Usage (432676K) : topmetal1_filler has 0 polygons
2026-09-18 09:42:39 +0000: Memory Usage (432676K) : topmetal1_nofill has 0 polygons
2026-09-18 09:42:39 +0000: Memory Usage (432676K) : topmetal1_slit has 0 polygons
2026-09-18 09:42:39 +0000: Memory Usage (432676K) : topmetal1_text has 10 polygons
2026-09-18 09:42:39 +0000: Memory Usage (432676K) : topmetal1_noqrc has 0 polygons
2026-09-18 09:42:39 +0000: Memory Usage (432676K) : topmetal1_res has 0 polygons
2026-09-18 09:42:39 +0000: Memory Usage (432676K) : topmetal1_iprobe has 0 polygons
2026-09-18 09:42:39 +0000: Memory Usage (432676K) : topmetal1_diffprb has 0 polygons
2026-09-18 09:42:39 +0000: Memory Usage (432676K) : inldpwl_drw has 0 polygons
2026-09-18 09:42:39 +0000: Memory Usage (432676K) : polyres_drw has 0 polygons
2026-09-18 09:42:39 +0000: Memory Usage (432676K) : polyres_pin has 0 polygons
2026-09-18 09:42:39 +0000: Memory Usage (432676K) : vmim_drw has 0 polygons
2026-09-18 09:42:39 +0000: Memory Usage (432676K) : nbulaycut_drw has 0 polygons
2026-09-18 09:42:39 +0000: Memory Usage (432676K) : antmetal1_drw has 0 polygons
2026-09-18 09:42:39 +0000: Memory Usage (432676K) : topvia2_drw has 0 polygons
2026-09-18 09:42:39 +0000: Memory Usage (432676K) : topmetal2_drw has 0 polygons
2026-09-18 09:42:39 +0000: Memory Usage (432676K) : topmetal2_pin has 0 polygons
2026-09-18 09:42:39 +0000: Memory Usage (432676K) : topmetal2_mask has 0 polygons
2026-09-18 09:42:39 +0000: Memory Usage (432676K) : topmetal2_filler has 0 polygons
2026-09-18 09:42:39 +0000: Memory Usage (432676K) : topmetal2_nofill has 0 polygons
2026-09-18 09:42:39 +0000: Memory Usage (432676K) : topmetal2_slit has 0 polygons
2026-09-18 09:42:39 +0000: Memory Usage (432676K) : topmetal2_text has 0 polygons
2026-09-18 09:42:39 +0000: Memory Usage (432676K) : topmetal2_noqrc has 0 polygons
2026-09-18 09:42:39 +0000: Memory Usage (432676K) : topmetal2_res has 0 polygons
2026-09-18 09:42:39 +0000: Memory Usage (432676K) : topmetal2_iprobe has 0 polygons
2026-09-18 09:42:39 +0000: Memory Usage (432676K) : topmetal2_diffprb has 0 polygons
2026-09-18 09:42:39 +0000: Memory Usage (432676K) : snsring_drw has 0 polygons
2026-09-18 09:42:39 +0000: Memory Usage (432676K) : sensor_drw has 0 polygons
2026-09-18 09:42:39 +0000: Memory Usage (432676K) : snsarms_drw has 0 polygons
2026-09-18 09:42:39 +0000: Memory Usage (432676K) : snscmosvia_drw has 0 polygons
2026-09-18 09:42:39 +0000: Memory Usage (432676K) : colwind_drw has 0 polygons
2026-09-18 09:42:39 +0000: Memory Usage (432676K) : flm_drw has 0 polygons
2026-09-18 09:42:39 +0000: Memory Usage (432676K) : hafniumox_drw has 0 polygons
2026-09-18 09:42:39 +0000: Memory Usage (432676K) : memvia_drw has 0 polygons
2026-09-18 09:42:39 +0000: Memory Usage (432676K) : thinfilmres_drw has 0 polygons
2026-09-18 09:42:39 +0000: Memory Usage (432676K) : rfmem_drw has 0 polygons
2026-09-18 09:42:39 +0000: Memory Usage (432676K) : norcx_drw has 0 polygons
2026-09-18 09:42:39 +0000: Memory Usage (432676K) : norcx_m2m3 has 0 polygons
2026-09-18 09:42:39 +0000: Memory Usage (432676K) : norcx_m2m4 has 0 polygons
2026-09-18 09:42:39 +0000: Memory Usage (432676K) : norcx_m2m5 has 0 polygons
2026-09-18 09:42:39 +0000: Memory Usage (432676K) : norcx_m2tm1 has 0 polygons
2026-09-18 09:42:39 +0000: Memory Usage (432676K) : norcx_m2tm2 has 0 polygons
2026-09-18 09:42:39 +0000: Memory Usage (432676K) : norcx_m3m4 has 0 polygons
2026-09-18 09:42:39 +0000: Memory Usage (432676K) : norcx_m3m5 has 0 polygons
2026-09-18 09:42:39 +0000: Memory Usage (432676K) : norcx_m3tm1 has 0 polygons
2026-09-18 09:42:39 +0000: Memory Usage (432676K) : norcx_m3tm2 has 0 polygons
2026-09-18 09:42:39 +0000: Memory Usage (432676K) : norcx_m4m5 has 0 polygons
2026-09-18 09:42:39 +0000: Memory Usage (432676K) : norcx_m4tm1 has 0 polygons
2026-09-18 09:42:39 +0000: Memory Usage (432676K) : norcx_m4tm2 has 0 polygons
2026-09-18 09:42:39 +0000: Memory Usage (432676K) : norcx_m5tm1 has 0 polygons
2026-09-18 09:42:39 +0000: Memory Usage (432676K) : norcx_m5tm2 has 0 polygons
2026-09-18 09:42:39 +0000: Memory Usage (432676K) : norcx_tm1tm2 has 0 polygons
2026-09-18 09:42:39 +0000: Memory Usage (432676K) : norcx_m1sub has 0 polygons
2026-09-18 09:42:39 +0000: Memory Usage (432676K) : norcx_m2sub has 0 polygons
2026-09-18 09:42:39 +0000: Memory Usage (432676K) : norcx_m3sub has 0 polygons
2026-09-18 09:42:39 +0000: Memory Usage (432676K) : norcx_m4sub has 0 polygons
2026-09-18 09:42:39 +0000: Memory Usage (432676K) : norcx_m5sub has 0 polygons
2026-09-18 09:42:39 +0000: Memory Usage (432676K) : norcx_tm1sub has 0 polygons
2026-09-18 09:42:39 +0000: Memory Usage (432676K) : norcx_tm2sub has 0 polygons
2026-09-18 09:42:39 +0000: Memory Usage (432676K) : snsbotvia_drw has 0 polygons
2026-09-18 09:42:39 +0000: Memory Usage (432676K) : snstopvia_drw has 0 polygons
2026-09-18 09:42:39 +0000: Memory Usage (432676K) : deepvia_drw has 0 polygons
2026-09-18 09:42:39 +0000: Memory Usage (432676K) : fgetch_drw has 0 polygons
2026-09-18 09:42:39 +0000: Memory Usage (432676K) : ctrgat_drw has 0 polygons
2026-09-18 09:42:39 +0000: Memory Usage (432676K) : fgimp_drw has 0 polygons
2026-09-18 09:42:39 +0000: Memory Usage (432676K) : emwihv_drw has 0 polygons
2026-09-18 09:42:39 +0000: Memory Usage (432676K) : lbe_drw has 0 polygons
2026-09-18 09:42:39 +0000: Memory Usage (432676K) : alcustop_drw has 0 polygons
2026-09-18 09:42:39 +0000: Memory Usage (432676K) : nometfiller_drw has 0 polygons
2026-09-18 09:42:39 +0000: Memory Usage (432804K) : prboundary_drw has 0 polygons
2026-09-18 09:42:39 +0000: Memory Usage (432804K) : exchange0_drw has 0 polygons
2026-09-18 09:42:39 +0000: Memory Usage (432804K) : exchange0_pin has 0 polygons
2026-09-18 09:42:39 +0000: Memory Usage (432804K) : exchange0_text has 0 polygons
2026-09-18 09:42:39 +0000: Memory Usage (432804K) : exchange1_drw has 0 polygons
2026-09-18 09:42:39 +0000: Memory Usage (432804K) : exchange1_pin has 0 polygons
2026-09-18 09:42:39 +0000: Memory Usage (432804K) : exchange1_text has 0 polygons
2026-09-18 09:42:39 +0000: Memory Usage (432804K) : exchange2_drw has 0 polygons
2026-09-18 09:42:39 +0000: Memory Usage (432804K) : exchange2_pin has 0 polygons
2026-09-18 09:42:39 +0000: Memory Usage (432804K) : exchange2_text has 0 polygons
2026-09-18 09:42:39 +0000: Memory Usage (432804K) : exchange3_drw has 0 polygons
2026-09-18 09:42:39 +0000: Memory Usage (432804K) : exchange3_pin has 0 polygons
2026-09-18 09:42:39 +0000: Memory Usage (432804K) : exchange3_text has 0 polygons
2026-09-18 09:42:39 +0000: Memory Usage (432804K) : exchange4_drw has 0 polygons
2026-09-18 09:42:39 +0000: Memory Usage (432804K) : exchange4_pin has 0 polygons
2026-09-18 09:42:39 +0000: Memory Usage (432804K) : exchange4_text has 0 polygons
2026-09-18 09:42:39 +0000: Memory Usage (432804K) : isonwell_drw has 0 polygons
2026-09-18 09:42:39 +0000: Memory Usage (432804K) : Total no. of polygons in the design is 683306
2026-09-18 09:42:39 +0000: Memory Usage (432804K) : Loaded TECH DRC rules values from /project/work/sram-research/IHP-Open-PDK/ihp-sg13g2/libs.tech/klayout/python/sg13g2_pycell_lib/sg13g2_tech_mod.json
2026-09-18 09:42:39 +0000: Memory Usage (432804K) : Loaded default DRC rules values from /project/work/sram-research/IHP-Open-PDK/ihp-sg13g2/libs.tech/klayout/tech/drc/rule_decks/sg13g2_tech_default.json
2026-09-18 09:42:39 +0000: Memory Usage (432804K) : The following rules values were missing in tech json and default values were used:
2026-09-18 09:42:39 +0000: Memory Usage (432804K) :   - NW_f1_digibnd
2026-09-18 09:42:39 +0000: Memory Usage (432804K) :   - Cnt_c_digibnd
2026-09-18 09:42:39 +0000: Memory Usage (432804K) :   - Cnt_c_sram
2026-09-18 09:42:39 +0000: Memory Usage (432804K) :   - Sdiod_b
2026-09-18 09:42:39 +0000: Memory Usage (432804K) :   - Sdiod_c
2026-09-18 09:42:39 +0000: Memory Usage (433444K) : Total area of the design is 63400.5792 um^2.
2026-09-18 09:42:39 +0000: Memory Usage (433444K) : The design dimensions are 202.08 µm * 313.74 µm.
2026-09-18 09:42:39 +0000: Memory Usage (433444K) : Starting general IHP-SG13G2 derivations.
2026-09-18 09:42:39 +0000: Memory Usage (433444K) : Starting Pwell derivations
2026-09-18 09:42:39 +0000: Memory Usage (440800K) : Starting n-Activ derivations
2026-09-18 09:42:39 +0000: Memory Usage (444128K) : Starting p-Activ derivations
2026-09-18 09:42:39 +0000: Memory Usage (444256K) : Starting ptap derivations
2026-09-18 09:42:39 +0000: Memory Usage (444256K) : Starting ntap derivations
2026-09-18 09:42:39 +0000: Memory Usage (444256K) : Starting pact FET derivations
2026-09-18 09:42:39 +0000: Memory Usage (444256K) : Starting nact FET derivations
2026-09-18 09:42:39 +0000: Memory Usage (444256K) : Starting Gate derivations
2026-09-18 09:42:39 +0000: Memory Usage (444256K) : Starting cont/contbar general derivations
2026-09-18 09:42:40 +0000: Memory Usage (457312K) : Starting pad general derivations
2026-09-18 09:42:40 +0000: Memory Usage (457312K) : Starting schottky_nbl general derivations
2026-09-18 09:42:40 +0000: Memory Usage (457312K) : Starting SVaricap general derivations
2026-09-18 09:42:40 +0000: Memory Usage (457312K) : Starting HBT general derivations
2026-09-18 09:42:40 +0000: Memory Usage (457312K) : Starting IHP-SG13G2 DRC connectivity related derivations.
2026-09-18 09:42:40 +0000: Memory Usage (457312K) : Starting IHP-SG13G2 DRC connectivity setup
2026-09-18 09:42:41 +0000: Memory Usage (458976K) : Starting IHP-SG13G2 DRC rules.
2026-09-18 09:42:41 +0000: Memory Usage (458976K) : Running all FEOL rules
2026-09-18 09:42:41 +0000: Memory Usage (458976K) : Running all BEOL rules
2026-09-18 09:42:41 +0000: Memory Usage (458976K) : Running all PIN rules
2026-09-18 09:42:41 +0000: Memory Usage (458976K) : Running all FORBIDDEN rules
2026-09-18 09:42:41 +0000: Memory Usage (458976K) : Starting 5.1 NWell table
2026-09-18 09:42:41 +0000: Memory Usage (458976K) : Executing rule NW.b
2026-09-18 09:42:41 +0000: Memory Usage (459744K) : Executing rule NW.b1
2026-09-18 09:42:41 +0000: Memory Usage (459744K) : Executing rule NW.f1
2026-09-18 09:42:41 +0000: Memory Usage (459744K) : Executing rule NW.f1.digibnd
2026-09-18 09:42:41 +0000: Memory Usage (459744K) : Starting 5.2 PWell:block
2026-09-18 09:42:41 +0000: Memory Usage (459744K) : Executing rule PWB.e
2026-09-18 09:42:41 +0000: Memory Usage (459744K) : Executing rule PWB.e1
2026-09-18 09:42:41 +0000: Memory Usage (459744K) : Executing rule PWB.f
2026-09-18 09:42:41 +0000: Memory Usage (459744K) : Executing rule PWB.f1
2026-09-18 09:42:41 +0000: Memory Usage (459744K) : Starting 5.3 nBuLay table
2026-09-18 09:42:41 +0000: Memory Usage (460384K) : Executing rule NBL.b
2026-09-18 09:42:41 +0000: Memory Usage (460384K) : Executing rule NBL.c
2026-09-18 09:42:41 +0000: Memory Usage (460384K) : Executing rule NBL.d
2026-09-18 09:42:41 +0000: Memory Usage (460384K) : Executing rule NBL.e
2026-09-18 09:42:41 +0000: Memory Usage (460384K) : Executing rule NBL.f
2026-09-18 09:42:41 +0000: Memory Usage (460384K) : Starting 5.5. Activ table
2026-09-18 09:42:41 +0000: Memory Usage (460384K) : Executing rule Act.a
2026-09-18 09:42:41 +0000: Memory Usage (460384K) : Executing rule Act.b
2026-09-18 09:42:41 +0000: Memory Usage (461704K) : Starting 5.6 Activ:filler table
2026-09-18 09:42:41 +0000: Memory Usage (461704K) : Executing rule AFil.c1
2026-09-18 09:42:41 +0000: Memory Usage (461704K) : Executing rule AFil.c
2026-09-18 09:42:41 +0000: Memory Usage (461704K) : Executing rule AFil.d
2026-09-18 09:42:41 +0000: Memory Usage (461704K) : Executing rule AFil.e
2026-09-18 09:42:41 +0000: Memory Usage (461704K) : Executing rule AFil.j
2026-09-18 09:42:41 +0000: Memory Usage (461704K) : Starting 5.7. ThickGateOx table
2026-09-18 09:42:41 +0000: Memory Usage (461704K) : Executing rule TGO.f
2026-09-18 09:42:41 +0000: Memory Usage (461704K) : Starting 5.8. GatPoly table
2026-09-18 09:42:41 +0000: Memory Usage (461704K) : Executing rule Gat.a
2026-09-18 09:42:41 +0000: Memory Usage (461704K) : Executing rule Gat.b
2026-09-18 09:42:41 +0000: Memory Usage (461704K) : Executing rule Gat.d
2026-09-18 09:42:41 +0000: Memory Usage (461704K) : Executing rule Gat.a1
2026-09-18 09:42:42 +0000: Memory Usage (462472K) : Executing rule Gat.a2
2026-09-18 09:42:42 +0000: Memory Usage (462472K) : Executing rule Gat.g
2026-09-18 09:42:42 +0000: Memory Usage (466184K) : Starting 5.9 GatPoly:filler
2026-09-18 09:42:42 +0000: Memory Usage (467848K) : Executing rule GFil.d
2026-09-18 09:42:42 +0000: Memory Usage (467976K) : Executing rule GFil.e
2026-09-18 09:42:42 +0000: Memory Usage (468104K) : Executing rule GFil.i
2026-09-18 09:42:42 +0000: Memory Usage (468232K) : Starting 5.10 pSD table
2026-09-18 09:42:42 +0000: Memory Usage (468232K) : Executing rule pSD.c1
2026-09-18 09:42:42 +0000: Memory Usage (469640K) : Starting 5.14. Cont table
2026-09-18 09:42:42 +0000: Memory Usage (469640K) : Executing rule Cnt.a
2026-09-18 09:42:42 +0000: Memory Usage (492296K) : Executing rule Cnt.b
2026-09-18 09:42:42 +0000: Memory Usage (492296K) : Executing rule Cnt.c
2026-09-18 09:42:43 +0000: Memory Usage (493320K) : Executing rule Cnt.c.digibnd
2026-09-18 09:42:43 +0000: Memory Usage (493320K) : Executing rule Cnt.c.SRAM
2026-09-18 09:42:43 +0000: Memory Usage (493320K) : Executing rule Cnt.d
2026-09-18 09:42:43 +0000: Memory Usage (493320K) : Executing rule Cnt.e
2026-09-18 09:42:43 +0000: Memory Usage (493320K) : Executing rule Cnt.g1
2026-09-18 09:42:43 +0000: Memory Usage (493320K) : Executing rule Cnt.g2
2026-09-18 09:42:44 +0000: Memory Usage (493320K) : Starting 5.15. ContBar table
2026-09-18 09:42:44 +0000: Memory Usage (493320K) : Executing rule CntB.a
2026-09-18 09:42:44 +0000: Memory Usage (495156K) : Executing rule CntB.a1
2026-09-18 09:42:44 +0000: Memory Usage (495156K) : Executing rule CntB.b1
2026-09-18 09:42:44 +0000: Memory Usage (495156K) : Executing rule CntB.h1
2026-09-18 09:42:44 +0000: Memory Usage (495156K) : Starting 6.1.3 NPN Substrate-Tie table
2026-09-18 09:42:44 +0000: Memory Usage (495156K) : Executing rule npn13G2.bR 
2026-09-18 09:42:44 +0000: Memory Usage (495156K) : Executing rule npn13G2L.cR 
2026-09-18 09:42:44 +0000: Memory Usage (495156K) : Executing rule npn13G2V.cR 
2026-09-18 09:42:44 +0000: Memory Usage (495156K) : Starting 6.7 Schottky diode table
2026-09-18 09:42:44 +0000: Memory Usage (495156K) : Executing rule Sdiod.b
2026-09-18 09:42:44 +0000: Memory Usage (495156K) : Executing rule Sdiod.c
2026-09-18 09:42:44 +0000: Memory Usage (495156K) : Executing rule Sdiod.d
2026-09-18 09:42:44 +0000: Memory Usage (495156K) : Executing rule Sdiod.e
2026-09-18 09:42:44 +0000: Memory Usage (495156K) : Starting 7.2 Latch-up table
2026-09-18 09:42:44 +0000: Memory Usage (495156K) : Executing rule LU.b
2026-09-18 09:42:45 +0000: Memory Usage (495924K) : Starting 5.16. Metal1 table
2026-09-18 09:42:45 +0000: Memory Usage (495924K) : Executing rule M1.a
2026-09-18 09:42:45 +0000: Memory Usage (498740K) : Executing rule M1.b
2026-09-18 09:42:46 +0000: Memory Usage (500788K) : Executing rule M1.e
2026-09-18 09:42:47 +0000: Memory Usage (500788K) : Executing rule M1.f
2026-09-18 09:42:47 +0000: Memory Usage (500788K) : Executing rule M1.g
2026-09-18 09:42:47 +0000: Memory Usage (503476K) : Executing rule M1.i
2026-09-18 09:42:47 +0000: Memory Usage (510004K) : Starting 5.17 Metaln table
2026-09-18 09:42:47 +0000: Memory Usage (510004K) : Executing rule M2.a
2026-09-18 09:42:47 +0000: Memory Usage (510004K) : Executing rule M2.b
2026-09-18 09:42:47 +0000: Memory Usage (510004K) : Executing rule M2.e
2026-09-18 09:42:47 +0000: Memory Usage (510004K) : Executing rule M2.f
2026-09-18 09:42:48 +0000: Memory Usage (498648K) : Executing rule M2.g
2026-09-18 09:42:48 +0000: Memory Usage (504408K) : Executing rule M2.i
2026-09-18 09:42:48 +0000: Memory Usage (508888K) : Executing rule M3.a
2026-09-18 09:42:48 +0000: Memory Usage (508888K) : Executing rule M3.b
2026-09-18 09:42:48 +0000: Memory Usage (508888K) : Executing rule M3.e
2026-09-18 09:42:48 +0000: Memory Usage (508888K) : Executing rule M3.f
2026-09-18 09:42:48 +0000: Memory Usage (508888K) : Executing rule M3.g
2026-09-18 09:42:48 +0000: Memory Usage (508888K) : Executing rule M3.i
2026-09-18 09:42:48 +0000: Memory Usage (509400K) : Executing rule M4.a
2026-09-18 09:42:48 +0000: Memory Usage (509400K) : Executing rule M4.b
2026-09-18 09:42:48 +0000: Memory Usage (509400K) : Executing rule M4.e
2026-09-18 09:42:48 +0000: Memory Usage (498648K) : Executing rule M4.f
2026-09-18 09:42:48 +0000: Memory Usage (498648K) : Executing rule M4.g
2026-09-18 09:42:48 +0000: Memory Usage (498648K) : Executing rule M4.i
2026-09-18 09:42:48 +0000: Memory Usage (498648K) : Executing rule M5.a
2026-09-18 09:42:48 +0000: Memory Usage (498648K) : Executing rule M5.b
2026-09-18 09:42:48 +0000: Memory Usage (498648K) : Executing rule M5.e
2026-09-18 09:42:48 +0000: Memory Usage (498648K) : Executing rule M5.f
2026-09-18 09:42:48 +0000: Memory Usage (498648K) : Executing rule M5.g
2026-09-18 09:42:48 +0000: Memory Usage (498648K) : Executing rule M5.i
2026-09-18 09:42:48 +0000: Memory Usage (498648K) : Starting 5.18 Metaln:filler table
2026-09-18 09:42:48 +0000: Memory Usage (498648K) : Executing rule M1Fil.c
2026-09-18 09:42:48 +0000: Memory Usage (498648K) : Executing rule M1Fil.a2
2026-09-18 09:42:48 +0000: Memory Usage (498648K) : Executing rule M2Fil.c
2026-09-18 09:42:48 +0000: Memory Usage (498648K) : Executing rule M2Fil.a2
2026-09-18 09:42:48 +0000: Memory Usage (498648K) : Executing rule M3Fil.c
2026-09-18 09:42:48 +0000: Memory Usage (498648K) : Executing rule M3Fil.a2
2026-09-18 09:42:48 +0000: Memory Usage (498648K) : Executing rule M4Fil.c
2026-09-18 09:42:48 +0000: Memory Usage (498648K) : Executing rule M4Fil.a2
2026-09-18 09:42:48 +0000: Memory Usage (498648K) : Executing rule M5Fil.c
2026-09-18 09:42:48 +0000: Memory Usage (498648K) : Executing rule M5Fil.a2
2026-09-18 09:42:48 +0000: Memory Usage (498648K) : Starting 5.19. Via1 table
2026-09-18 09:42:48 +0000: Memory Usage (498648K) : Starting 5.19. Via1 table derivations
2026-09-18 09:42:48 +0000: Memory Usage (498648K) : Executing rule V1.a
2026-09-18 09:42:48 +0000: Memory Usage (501848K) : Executing rule V1.b
2026-09-18 09:42:48 +0000: Memory Usage (501848K) : Executing rule V1.c
2026-09-18 09:42:48 +0000: Memory Usage (501848K) : Starting 5.20. Vian table
2026-09-18 09:42:48 +0000: Memory Usage (501848K) : Executing rule V2.a
2026-09-18 09:42:49 +0000: Memory Usage (501976K) : Executing rule V2.b
2026-09-18 09:42:49 +0000: Memory Usage (501976K) : Executing rule V2.c
2026-09-18 09:42:49 +0000: Memory Usage (501976K) : Executing rule V3.a
2026-09-18 09:42:49 +0000: Memory Usage (501976K) : Executing rule V3.b
2026-09-18 09:42:49 +0000: Memory Usage (501976K) : Executing rule V3.c
2026-09-18 09:42:49 +0000: Memory Usage (501976K) : Executing rule V4.a
2026-09-18 09:42:49 +0000: Memory Usage (501976K) : Executing rule V4.b
2026-09-18 09:42:49 +0000: Memory Usage (501976K) : Executing rule V4.c
2026-09-18 09:42:49 +0000: Memory Usage (501976K) : Starting 5.21. TopVia1 table
2026-09-18 09:42:49 +0000: Memory Usage (501976K) : Executing rule TV1.a
2026-09-18 09:42:49 +0000: Memory Usage (501976K) : Executing rule TV1.b
2026-09-18 09:42:49 +0000: Memory Usage (501976K) : Executing rule TV1.c
2026-09-18 09:42:49 +0000: Memory Usage (501976K) : Executing rule TV1.d
2026-09-18 09:42:49 +0000: Memory Usage (501976K) : Starting 5.22. TopMetal1 table
2026-09-18 09:42:49 +0000: Memory Usage (501976K) : Executing rule TM1.a
2026-09-18 09:42:49 +0000: Memory Usage (501976K) : Executing rule TM1.b
2026-09-18 09:42:49 +0000: Memory Usage (501976K) : Starting 5.23 TopMetal1:filler table
2026-09-18 09:42:49 +0000: Memory Usage (501976K) : Executing rule TM1Fil.c
2026-09-18 09:42:49 +0000: Memory Usage (501976K) : Executing rule TM1Fil.a1
2026-09-18 09:42:49 +0000: Memory Usage (501976K) : Starting 5.24. TopVia2 table
2026-09-18 09:42:49 +0000: Memory Usage (501976K) : Executing rule TV2.a
2026-09-18 09:42:49 +0000: Memory Usage (501976K) : Executing rule TV2.b
2026-09-18 09:42:49 +0000: Memory Usage (501976K) : Executing rule TV2.c
2026-09-18 09:42:49 +0000: Memory Usage (501976K) : Executing rule TV2.d
2026-09-18 09:42:49 +0000: Memory Usage (501976K) : Starting 5.25. TopMetal2 table
2026-09-18 09:42:49 +0000: Memory Usage (501976K) : Executing rule TM2.a
2026-09-18 09:42:49 +0000: Memory Usage (501976K) : Executing rule TM2.b
2026-09-18 09:42:49 +0000: Memory Usage (501976K) : Executing rule TM2.bR
2026-09-18 09:42:49 +0000: Memory Usage (501976K) : Starting 5.26 TopMetal2:filler table
2026-09-18 09:42:49 +0000: Memory Usage (501976K) : Executing rule TM2Fil.c
2026-09-18 09:42:49 +0000: Memory Usage (501976K) : Executing rule TM2Fil.a1
2026-09-18 09:42:49 +0000: Memory Usage (501976K) : Starting 5.27. Passiv table
2026-09-18 09:42:49 +0000: Memory Usage (501976K) : Executing rule Pas.a
2026-09-18 09:42:49 +0000: Memory Usage (501976K) : Executing rule Pas.b
2026-09-18 09:42:49 +0000: Memory Usage (501976K) : Executing rule Pas.c
2026-09-18 09:42:49 +0000: Memory Usage (501976K) : Starting 6.9.2 Copper Pillar table
2026-09-18 09:42:49 +0000: Memory Usage (501976K) : Executing rule Padc.a
2026-09-18 09:42:49 +0000: Memory Usage (501976K) : Executing rule Padc.b
2026-09-18 09:42:49 +0000: Memory Usage (501976K) : Executing rule Padc.c
2026-09-18 09:42:49 +0000: Memory Usage (501976K) : Executing rule Padb.f
2026-09-18 09:42:49 +0000: Memory Usage (501976K) : Starting 6.9 Pad table
2026-09-18 09:42:49 +0000: Memory Usage (501976K) : Executing rule Pad.m
2026-09-18 09:42:49 +0000: Memory Usage (501976K) : Executing rule Pad.fR_M1
2026-09-18 09:42:49 +0000: Memory Usage (501976K) : Executing rule Pad.fR_M2
2026-09-18 09:42:49 +0000: Memory Usage (501976K) : Executing rule Pad.fR_M3
2026-09-18 09:42:49 +0000: Memory Usage (501976K) : Executing rule Pad.fR_M4
2026-09-18 09:42:49 +0000: Memory Usage (501976K) : Executing rule Pad.fR_M5
2026-09-18 09:42:49 +0000: Memory Usage (501976K) : Executing rule Pad.fR_TM1
2026-09-18 09:42:49 +0000: Memory Usage (501976K) : Executing rule Pad.fR_TM2
2026-09-18 09:42:49 +0000: Memory Usage (501976K) : Executing rule Pad.i
2026-09-18 09:42:49 +0000: Memory Usage (501976K) : Starting 6.9.1 Solder Bump
2026-09-18 09:42:49 +0000: Memory Usage (501976K) : Executing rule Padb.a
2026-09-18 09:42:49 +0000: Memory Usage (501976K) : Executing rule Padb.b
2026-09-18 09:42:49 +0000: Memory Usage (501976K) : Executing rule Padb.c
2026-09-18 09:42:49 +0000: Memory Usage (501976K) : Executing rule Padb.f
2026-09-18 09:42:49 +0000: Memory Usage (501976K) : Executing rule Padb.d
2026-09-18 09:42:49 +0000: Memory Usage (501976K) : Starting 6.10 Sealring table
2026-09-18 09:42:49 +0000: Memory Usage (501976K) : Executing rule Seal.l
2026-09-18 09:42:49 +0000: Memory Usage (501976K) : Executing rule Seal.n
2026-09-18 09:42:49 +0000: Memory Usage (501976K) : Executing rule seal.b_metal1
2026-09-18 09:42:49 +0000: Memory Usage (501976K) : Executing rule seal.b_metal2
2026-09-18 09:42:49 +0000: Memory Usage (501976K) : Executing rule seal.b_metal3
2026-09-18 09:42:49 +0000: Memory Usage (501976K) : Executing rule seal.b_metal4
2026-09-18 09:42:49 +0000: Memory Usage (501976K) : Executing rule seal.b_metal5
2026-09-18 09:42:49 +0000: Memory Usage (501976K) : Executing rule seal.b_topmetal1
2026-09-18 09:42:49 +0000: Memory Usage (501976K) : Executing rule seal.b_topmetal2
2026-09-18 09:42:49 +0000: Memory Usage (501976K) : Executing rule seal.b_activ
2026-09-18 09:42:49 +0000: Memory Usage (501976K) : Executing rule seal.b_psd
2026-09-18 09:42:49 +0000: Memory Usage (501976K) : Executing rule Seal.k
2026-09-18 09:42:49 +0000: Memory Usage (501976K) : Executing rule Seal.m
2026-09-18 09:42:49 +0000: Memory Usage (501976K) : Starting 6.11 MIM table
2026-09-18 09:42:49 +0000: Memory Usage (501976K) : Executing rule MIM.c
2026-09-18 09:42:49 +0000: Memory Usage (501976K) : Executing rule MIM.d
2026-09-18 09:42:49 +0000: Memory Usage (501976K) : Executing rule MIM.gR
2026-09-18 09:42:49 +0000: Memory Usage (501976K) : Starting 7.3 Metal Slits table
2026-09-18 09:42:49 +0000: Memory Usage (501976K) : Executing rule Slt.e1_M1
2026-09-18 09:42:49 +0000: Memory Usage (501976K) : Executing rule Slt.e1_M2
2026-09-18 09:42:49 +0000: Memory Usage (501976K) : Executing rule Slt.e1_M3
2026-09-18 09:42:49 +0000: Memory Usage (501976K) : Executing rule Slt.e1_M4
2026-09-18 09:42:49 +0000: Memory Usage (501976K) : Executing rule Slt.e1_M5
2026-09-18 09:42:49 +0000: Memory Usage (501976K) : Executing rule Slt.e1_TM1
2026-09-18 09:42:49 +0000: Memory Usage (501976K) : Executing rule Slt.e1_TM2
2026-09-18 09:42:49 +0000: Memory Usage (501976K) : Starting 9.1. LBE table
2026-09-18 09:42:49 +0000: Memory Usage (501976K) : Executing rule LBE.a
2026-09-18 09:42:49 +0000: Memory Usage (501976K) : Executing rule LBE.b
2026-09-18 09:42:49 +0000: Memory Usage (501976K) : Executing rule LBE.b1
2026-09-18 09:42:49 +0000: Memory Usage (501976K) : Executing rule LBE.c
2026-09-18 09:42:49 +0000: Memory Usage (501976K) : Executing rule LBE.d
2026-09-18 09:42:49 +0000: Memory Usage (501976K) : Executing rule LBE.h
2026-09-18 09:42:49 +0000: Memory Usage (501976K) : Starting 7.4. PIN table
2026-09-18 09:42:49 +0000: Memory Usage (501976K) : Executing rule Pin.a
2026-09-18 09:42:49 +0000: Memory Usage (501976K) : Executing rule Pin.b
2026-09-18 09:42:49 +0000: Memory Usage (501976K) : Executing rule Pin.e
2026-09-18 09:42:49 +0000: Memory Usage (501976K) : Executing rule Pin.f_M2
2026-09-18 09:42:49 +0000: Memory Usage (501976K) : Executing rule Pin.f_M3
2026-09-18 09:42:49 +0000: Memory Usage (501976K) : Executing rule Pin.f_M4
2026-09-18 09:42:49 +0000: Memory Usage (501976K) : Executing rule Pin.f_M5
2026-09-18 09:42:49 +0000: Memory Usage (501976K) : Executing rule Pin.g
2026-09-18 09:42:49 +0000: Memory Usage (501976K) : Executing rule Pin.h
2026-09-18 09:42:49 +0000: Memory Usage (501976K) : Starting 3.1. offgrid table
2026-09-18 09:42:49 +0000: Memory Usage (501976K) : Executing rule activ_drw_Offgrid
2026-09-18 09:42:50 +0000: Memory Usage (501976K) : Executing rule activ_mask_Offgrid
2026-09-18 09:42:50 +0000: Memory Usage (502104K) : Executing rule activ_filler_Offgrid
2026-09-18 09:42:50 +0000: Memory Usage (502104K) : Executing rule activ_opc_Offgrid
2026-09-18 09:42:50 +0000: Memory Usage (502104K) : Executing rule activ_iopc_Offgrid
2026-09-18 09:42:50 +0000: Memory Usage (502104K) : Executing rule biwind_drw_Offgrid
2026-09-18 09:42:50 +0000: Memory Usage (502104K) : Executing rule biwind_opc_Offgrid
2026-09-18 09:42:50 +0000: Memory Usage (502104K) : Executing rule pemwind_drw_Offgrid
2026-09-18 09:42:50 +0000: Memory Usage (502104K) : Executing rule gatpoly_drw_Offgrid
2026-09-18 09:42:50 +0000: Memory Usage (502104K) : Executing rule gatpoly_filler_Offgrid
2026-09-18 09:42:50 +0000: Memory Usage (502104K) : Executing rule gatpoly_opc_Offgrid
2026-09-18 09:42:50 +0000: Memory Usage (502104K) : Executing rule gatpoly_iopc_Offgrid
2026-09-18 09:42:50 +0000: Memory Usage (502104K) : Executing rule gatpoly_noqrc_Offgrid
2026-09-18 09:42:50 +0000: Memory Usage (502104K) : Executing rule cont_drw_Offgrid
2026-09-18 09:42:50 +0000: Memory Usage (524120K) : Executing rule cont_opc_Offgrid
2026-09-18 09:42:50 +0000: Memory Usage (524120K) : Executing rule nsd_drw_Offgrid
2026-09-18 09:42:50 +0000: Memory Usage (524120K) : Executing rule nsd_block_Offgrid
2026-09-18 09:42:50 +0000: Memory Usage (524120K) : Executing rule metal1_drw_Offgrid
2026-09-18 09:42:51 +0000: Memory Usage (528088K) : Executing rule metal1_mask_Offgrid
2026-09-18 09:42:51 +0000: Memory Usage (528088K) : Executing rule metal1_filler_Offgrid
2026-09-18 09:42:51 +0000: Memory Usage (528088K) : Executing rule metal1_slit_Offgrid
2026-09-18 09:42:51 +0000: Memory Usage (528088K) : Executing rule metal1_opc_Offgrid
2026-09-18 09:42:51 +0000: Memory Usage (528088K) : Executing rule metal1_noqrc_Offgrid
2026-09-18 09:42:51 +0000: Memory Usage (528088K) : Executing rule metal1_res_Offgrid
2026-09-18 09:42:51 +0000: Memory Usage (528088K) : Executing rule metal1_iprobe_Offgrid
2026-09-18 09:42:51 +0000: Memory Usage (528088K) : Executing rule metal1_diffprb_Offgrid
2026-09-18 09:42:51 +0000: Memory Usage (528088K) : Executing rule passiv_drw_Offgrid
2026-09-18 09:42:51 +0000: Memory Usage (528088K) : Executing rule passiv_pillar_Offgrid
2026-09-18 09:42:51 +0000: Memory Usage (528088K) : Executing rule passiv_sbump_Offgrid
2026-09-18 09:42:51 +0000: Memory Usage (528088K) : Executing rule passiv_pdl_Offgrid
2026-09-18 09:42:51 +0000: Memory Usage (528088K) : Executing rule metal2_drw_Offgrid
2026-09-18 09:42:51 +0000: Memory Usage (528088K) : Executing rule metal2_mask_Offgrid
2026-09-18 09:42:51 +0000: Memory Usage (528088K) : Executing rule metal2_filler_Offgrid
2026-09-18 09:42:51 +0000: Memory Usage (528088K) : Executing rule metal2_slit_Offgrid
2026-09-18 09:42:51 +0000: Memory Usage (528088K) : Executing rule metal2_opc_Offgrid
2026-09-18 09:42:51 +0000: Memory Usage (528088K) : Executing rule metal2_noqrc_Offgrid
2026-09-18 09:42:51 +0000: Memory Usage (528088K) : Executing rule metal2_res_Offgrid
2026-09-18 09:42:51 +0000: Memory Usage (528088K) : Executing rule metal2_iprobe_Offgrid
2026-09-18 09:42:51 +0000: Memory Usage (528088K) : Executing rule metal2_diffprb_Offgrid
2026-09-18 09:42:51 +0000: Memory Usage (528088K) : Executing rule baspoly_drw_Offgrid
2026-09-18 09:42:51 +0000: Memory Usage (528088K) : Executing rule psd_drw_Offgrid
2026-09-18 09:42:51 +0000: Memory Usage (528088K) : Executing rule nldb_drw_Offgrid
2026-09-18 09:42:51 +0000: Memory Usage (528088K) : Executing rule via1_drw_Offgrid
2026-09-18 09:42:51 +0000: Memory Usage (528088K) : Executing rule backmetal1_drw_Offgrid
2026-09-18 09:42:51 +0000: Memory Usage (528088K) : Executing rule backmetal1_mask_Offgrid
2026-09-18 09:42:51 +0000: Memory Usage (528088K) : Executing rule backmetal1_filler_Offgrid
2026-09-18 09:42:51 +0000: Memory Usage (528088K) : Executing rule backmetal1_slit_Offgrid
2026-09-18 09:42:51 +0000: Memory Usage (528088K) : Executing rule backmetal1_opc_Offgrid
2026-09-18 09:42:51 +0000: Memory Usage (528088K) : Executing rule backmetal1_noqrc_Offgrid
2026-09-18 09:42:51 +0000: Memory Usage (528088K) : Executing rule backmetal1_res_Offgrid
2026-09-18 09:42:51 +0000: Memory Usage (528088K) : Executing rule backmetal1_iprobe_Offgrid
2026-09-18 09:42:51 +0000: Memory Usage (528088K) : Executing rule backmetal1_diffprb_Offgrid
2026-09-18 09:42:51 +0000: Memory Usage (528088K) : Executing rule backpassiv_drw_Offgrid
2026-09-18 09:42:51 +0000: Memory Usage (528088K) : Executing rule salblock_drw_Offgrid
2026-09-18 09:42:51 +0000: Memory Usage (528088K) : Executing rule via2_drw_Offgrid
2026-09-18 09:42:51 +0000: Memory Usage (528088K) : Executing rule metal3_drw_Offgrid
2026-09-18 09:42:51 +0000: Memory Usage (528088K) : Executing rule metal3_mask_Offgrid
2026-09-18 09:42:51 +0000: Memory Usage (528088K) : Executing rule metal3_filler_Offgrid
2026-09-18 09:42:52 +0000: Memory Usage (528088K) : Executing rule metal3_slit_Offgrid
2026-09-18 09:42:52 +0000: Memory Usage (528088K) : Executing rule metal3_opc_Offgrid
2026-09-18 09:42:52 +0000: Memory Usage (528088K) : Executing rule metal3_noqrc_Offgrid
2026-09-18 09:42:52 +0000: Memory Usage (528088K) : Executing rule metal3_res_Offgrid
2026-09-18 09:42:52 +0000: Memory Usage (528088K) : Executing rule metal3_iprobe_Offgrid
2026-09-18 09:42:52 +0000: Memory Usage (528088K) : Executing rule metal3_diffprb_Offgrid
2026-09-18 09:42:52 +0000: Memory Usage (528088K) : Executing rule nwell_drw_Offgrid
2026-09-18 09:42:52 +0000: Memory Usage (528088K) : Executing rule nbulay_drw_Offgrid
2026-09-18 09:42:52 +0000: Memory Usage (528088K) : Executing rule nbulay_block_Offgrid
2026-09-18 09:42:52 +0000: Memory Usage (528088K) : Executing rule pwell_drw_Offgrid
2026-09-18 09:42:52 +0000: Memory Usage (528088K) : Executing rule pwell_block_Offgrid
2026-09-18 09:42:52 +0000: Memory Usage (528088K) : Executing rule emwind_drw_Offgrid
2026-09-18 09:42:52 +0000: Memory Usage (528088K) : Executing rule emwind_opc_Offgrid
2026-09-18 09:42:52 +0000: Memory Usage (528088K) : Executing rule deepco_drw_Offgrid
2026-09-18 09:42:52 +0000: Memory Usage (528088K) : Executing rule mim_drw_Offgrid
2026-09-18 09:42:52 +0000: Memory Usage (528088K) : Executing rule substrate_drw_Offgrid
2026-09-18 09:42:52 +0000: Memory Usage (528088K) : Executing rule ic_drw_Offgrid
2026-09-18 09:42:52 +0000: Memory Usage (528216K) : Executing rule via3_drw_Offgrid
2026-09-18 09:42:52 +0000: Memory Usage (528216K) : Executing rule pldb_drw_Offgrid
2026-09-18 09:42:52 +0000: Memory Usage (528216K) : Executing rule metal4_drw_Offgrid
2026-09-18 09:42:52 +0000: Memory Usage (528216K) : Executing rule metal4_mask_Offgrid
2026-09-18 09:42:52 +0000: Memory Usage (528216K) : Executing rule metal4_filler_Offgrid
2026-09-18 09:42:52 +0000: Memory Usage (528216K) : Executing rule metal4_slit_Offgrid
2026-09-18 09:42:52 +0000: Memory Usage (528216K) : Executing rule metal4_opc_Offgrid
2026-09-18 09:42:52 +0000: Memory Usage (528216K) : Executing rule metal4_noqrc_Offgrid
2026-09-18 09:42:52 +0000: Memory Usage (528216K) : Executing rule metal4_res_Offgrid
2026-09-18 09:42:52 +0000: Memory Usage (528216K) : Executing rule metal4_iprobe_Offgrid
2026-09-18 09:42:52 +0000: Memory Usage (528216K) : Executing rule metal4_diffprb_Offgrid
2026-09-18 09:42:52 +0000: Memory Usage (528216K) : Executing rule via4_drw_Offgrid
2026-09-18 09:42:52 +0000: Memory Usage (528216K) : Executing rule metal5_drw_Offgrid
2026-09-18 09:42:52 +0000: Memory Usage (528216K) : Executing rule metal5_mask_Offgrid
2026-09-18 09:42:52 +0000: Memory Usage (528216K) : Executing rule metal5_filler_Offgrid
2026-09-18 09:42:52 +0000: Memory Usage (528216K) : Executing rule metal5_slit_Offgrid
2026-09-18 09:42:52 +0000: Memory Usage (528216K) : Executing rule metal5_opc_Offgrid
2026-09-18 09:42:52 +0000: Memory Usage (528216K) : Executing rule metal5_noqrc_Offgrid
2026-09-18 09:42:52 +0000: Memory Usage (528216K) : Executing rule metal5_res_Offgrid
2026-09-18 09:42:52 +0000: Memory Usage (528216K) : Executing rule metal5_iprobe_Offgrid
2026-09-18 09:42:52 +0000: Memory Usage (528216K) : Executing rule metal5_diffprb_Offgrid
2026-09-18 09:42:52 +0000: Memory Usage (528216K) : Executing rule prboundary_drw_Offgrid
2026-09-18 09:42:52 +0000: Memory Usage (528216K) : Executing rule exchange0_drw_Offgrid
2026-09-18 09:42:52 +0000: Memory Usage (528216K) : Executing rule exchange1_drw_Offgrid
2026-09-18 09:42:52 +0000: Memory Usage (528216K) : Executing rule exchange2_drw_Offgrid
2026-09-18 09:42:52 +0000: Memory Usage (528216K) : Executing rule exchange3_drw_Offgrid
2026-09-18 09:42:52 +0000: Memory Usage (528216K) : Executing rule exchange4_drw_Offgrid
2026-09-18 09:42:52 +0000: Memory Usage (528216K) : Executing rule isonwell_drw_Offgrid
2026-09-18 09:42:52 +0000: Memory Usage (528216K) : Executing rule thickgateox_drw_Offgrid
2026-09-18 09:42:52 +0000: Memory Usage (528216K) : Executing rule pempoly_drw_Offgrid
2026-09-18 09:42:52 +0000: Memory Usage (528216K) : Executing rule fbe_drw_Offgrid
2026-09-18 09:42:52 +0000: Memory Usage (528216K) : Executing rule empoly_drw_Offgrid
2026-09-18 09:42:52 +0000: Memory Usage (528216K) : Executing rule ldmos_drw_Offgrid
2026-09-18 09:42:52 +0000: Memory Usage (528216K) : Executing rule pbiwind_drw_Offgrid
2026-09-18 09:42:52 +0000: Memory Usage (528216K) : Executing rule colopen_drw_Offgrid
2026-09-18 09:42:52 +0000: Memory Usage (528216K) : Executing rule extblock_drw_Offgrid
2026-09-18 09:42:52 +0000: Memory Usage (528216K) : Executing rule nldd_drw_Offgrid
2026-09-18 09:42:52 +0000: Memory Usage (528216K) : Executing rule pldd_drw_Offgrid
2026-09-18 09:42:52 +0000: Memory Usage (528216K) : Executing rule next_drw_Offgrid
2026-09-18 09:42:52 +0000: Memory Usage (528216K) : Executing rule pext_drw_Offgrid
2026-09-18 09:42:52 +0000: Memory Usage (528216K) : Executing rule nexthv_drw_Offgrid
2026-09-18 09:42:52 +0000: Memory Usage (528216K) : Executing rule pexthv_drw_Offgrid
2026-09-18 09:42:52 +0000: Memory Usage (528216K) : Executing rule graphgate_drw_Offgrid
2026-09-18 09:42:52 +0000: Memory Usage (528216K) : Executing rule mempad_drw_Offgrid
2026-09-18 09:42:52 +0000: Memory Usage (528216K) : Executing rule topvia1_drw_Offgrid
2026-09-18 09:42:52 +0000: Memory Usage (528216K) : Executing rule topmetal1_drw_Offgrid
2026-09-18 09:42:52 +0000: Memory Usage (528216K) : Executing rule topmetal1_mask_Offgrid
2026-09-18 09:42:52 +0000: Memory Usage (528216K) : Executing rule topmetal1_filler_Offgrid
2026-09-18 09:42:52 +0000: Memory Usage (528344K) : Executing rule topmetal1_slit_Offgrid
2026-09-18 09:42:52 +0000: Memory Usage (528344K) : Executing rule topmetal1_noqrc_Offgrid
2026-09-18 09:42:52 +0000: Memory Usage (528344K) : Executing rule topmetal1_res_Offgrid
2026-09-18 09:42:52 +0000: Memory Usage (528344K) : Executing rule topmetal1_iprobe_Offgrid
2026-09-18 09:42:52 +0000: Memory Usage (528344K) : Executing rule topmetal1_diffprb_Offgrid
2026-09-18 09:42:52 +0000: Memory Usage (528344K) : Executing rule inldpwl_drw_Offgrid
2026-09-18 09:42:52 +0000: Memory Usage (528344K) : Executing rule polyres_drw_Offgrid
2026-09-18 09:42:52 +0000: Memory Usage (528344K) : Executing rule vmim_drw_Offgrid
2026-09-18 09:42:52 +0000: Memory Usage (528344K) : Executing rule nbulaycut_drw_Offgrid
2026-09-18 09:42:52 +0000: Memory Usage (528344K) : Executing rule antmetal1_drw_Offgrid
2026-09-18 09:42:52 +0000: Memory Usage (528344K) : Executing rule topvia2_drw_Offgrid
2026-09-18 09:42:52 +0000: Memory Usage (528344K) : Executing rule topmetal2_drw_Offgrid
2026-09-18 09:42:52 +0000: Memory Usage (528344K) : Executing rule topmetal2_mask_Offgrid
2026-09-18 09:42:52 +0000: Memory Usage (528344K) : Executing rule topmetal2_filler_Offgrid
2026-09-18 09:42:52 +0000: Memory Usage (528344K) : Executing rule topmetal2_slit_Offgrid
2026-09-18 09:42:52 +0000: Memory Usage (528344K) : Executing rule topmetal2_noqrc_Offgrid
2026-09-18 09:42:52 +0000: Memory Usage (528344K) : Executing rule topmetal2_res_Offgrid
2026-09-18 09:42:52 +0000: Memory Usage (528344K) : Executing rule topmetal2_iprobe_Offgrid
2026-09-18 09:42:52 +0000: Memory Usage (528344K) : Executing rule topmetal2_diffprb_Offgrid
2026-09-18 09:42:52 +0000: Memory Usage (528344K) : Executing rule snsring_drw_Offgrid
2026-09-18 09:42:52 +0000: Memory Usage (528344K) : Executing rule sensor_drw_Offgrid
2026-09-18 09:42:52 +0000: Memory Usage (528344K) : Executing rule snsarms_drw_Offgrid
2026-09-18 09:42:52 +0000: Memory Usage (528344K) : Executing rule snscmosvia_drw_Offgrid
2026-09-18 09:42:52 +0000: Memory Usage (528344K) : Executing rule colwind_drw_Offgrid
2026-09-18 09:42:52 +0000: Memory Usage (528344K) : Executing rule flm_drw_Offgrid
2026-09-18 09:42:52 +0000: Memory Usage (528344K) : Executing rule hafniumox_drw_Offgrid
2026-09-18 09:42:52 +0000: Memory Usage (528344K) : Executing rule memvia_drw_Offgrid
2026-09-18 09:42:52 +0000: Memory Usage (528344K) : Executing rule thinfilmres_drw_Offgrid
2026-09-18 09:42:52 +0000: Memory Usage (528344K) : Executing rule rfmem_drw_Offgrid
2026-09-18 09:42:52 +0000: Memory Usage (528344K) : Executing rule snsbotvia_drw_Offgrid
2026-09-18 09:42:52 +0000: Memory Usage (528344K) : Executing rule snstopvia_drw_Offgrid
2026-09-18 09:42:52 +0000: Memory Usage (528344K) : Executing rule deepvia_drw_Offgrid
2026-09-18 09:42:52 +0000: Memory Usage (528344K) : Executing rule fgetch_drw_Offgrid
2026-09-18 09:42:52 +0000: Memory Usage (528344K) : Executing rule ctrgat_drw_Offgrid
2026-09-18 09:42:52 +0000: Memory Usage (528344K) : Executing rule fgimp_drw_Offgrid
2026-09-18 09:42:53 +0000: Memory Usage (528344K) : Executing rule emwihv_drw_Offgrid
2026-09-18 09:42:53 +0000: Memory Usage (528344K) : Executing rule lbe_drw_Offgrid
2026-09-18 09:42:53 +0000: Memory Usage (528344K) : Executing rule alcustop_drw_Offgrid
2026-09-18 09:42:53 +0000: Memory Usage (528344K) : Starting 3.2. angle table
2026-09-18 09:42:53 +0000: Memory Usage (528344K) : Executing rule activ_drw_Acute
2026-09-18 09:42:53 +0000: Memory Usage (528344K) : Executing rule activ_pin_Acute
2026-09-18 09:42:53 +0000: Memory Usage (528344K) : Executing rule activ_mask_Acute
2026-09-18 09:42:53 +0000: Memory Usage (528344K) : Executing rule activ_filler_Acute
2026-09-18 09:42:53 +0000: Memory Usage (528344K) : Executing rule activ_nofill_Acute
2026-09-18 09:42:53 +0000: Memory Usage (528344K) : Executing rule activ_opc_Acute
2026-09-18 09:42:53 +0000: Memory Usage (528344K) : Executing rule activ_iopc_Acute
2026-09-18 09:42:53 +0000: Memory Usage (528344K) : Executing rule activ_noqrc_Acute
2026-09-18 09:42:53 +0000: Memory Usage (528344K) : Executing rule biwind_drw_Acute
2026-09-18 09:42:53 +0000: Memory Usage (528344K) : Executing rule biwind_opc_Acute
2026-09-18 09:42:53 +0000: Memory Usage (528344K) : Executing rule pemwind_drw_Acute
2026-09-18 09:42:53 +0000: Memory Usage (528344K) : Executing rule gatpoly_drw_Acute
2026-09-18 09:42:53 +0000: Memory Usage (528344K) : Executing rule gatpoly_pin_Acute
2026-09-18 09:42:53 +0000: Memory Usage (528344K) : Executing rule gatpoly_filler_Acute
2026-09-18 09:42:53 +0000: Memory Usage (528344K) : Executing rule gatpoly_nofill_Acute
2026-09-18 09:42:53 +0000: Memory Usage (528344K) : Executing rule gatpoly_opc_Acute
2026-09-18 09:42:53 +0000: Memory Usage (528344K) : Executing rule gatpoly_iopc_Acute
2026-09-18 09:42:53 +0000: Memory Usage (528344K) : Executing rule gatpoly_noqrc_Acute
2026-09-18 09:42:53 +0000: Memory Usage (528344K) : Executing rule cont_drw_Acute
2026-09-18 09:42:53 +0000: Memory Usage (595800K) : Executing rule cont_opc_Acute
2026-09-18 09:42:53 +0000: Memory Usage (595800K) : Executing rule nsd_drw_Acute
2026-09-18 09:42:53 +0000: Memory Usage (595928K) : Executing rule nsd_block_Acute
2026-09-18 09:42:53 +0000: Memory Usage (595928K) : Executing rule metal1_drw_Acute
2026-09-18 09:42:54 +0000: Memory Usage (595928K) : Executing rule metal1_pin_Acute
2026-09-18 09:42:54 +0000: Memory Usage (595928K) : Executing rule metal1_mask_Acute
2026-09-18 09:42:54 +0000: Memory Usage (595928K) : Executing rule metal1_filler_Acute
2026-09-18 09:42:54 +0000: Memory Usage (595928K) : Executing rule metal1_nofill_Acute
2026-09-18 09:42:54 +0000: Memory Usage (595928K) : Executing rule metal1_slit_Acute
2026-09-18 09:42:54 +0000: Memory Usage (595928K) : Executing rule metal1_opc_Acute
2026-09-18 09:42:54 +0000: Memory Usage (593312K) : Executing rule metal1_noqrc_Acute
2026-09-18 09:42:54 +0000: Memory Usage (593312K) : Executing rule metal1_res_Acute
2026-09-18 09:42:54 +0000: Memory Usage (593312K) : Executing rule metal1_iprobe_Acute
2026-09-18 09:42:54 +0000: Memory Usage (593312K) : Executing rule metal1_diffprb_Acute
2026-09-18 09:42:54 +0000: Memory Usage (593312K) : Executing rule passiv_drw_Acute
2026-09-18 09:42:54 +0000: Memory Usage (593312K) : Executing rule passiv_pin_Acute
2026-09-18 09:42:54 +0000: Memory Usage (593312K) : Executing rule passiv_pillar_Acute
2026-09-18 09:42:54 +0000: Memory Usage (593312K) : Executing rule passiv_sbump_Acute
2026-09-18 09:42:54 +0000: Memory Usage (593312K) : Executing rule passiv_pdl_Acute
2026-09-18 09:42:54 +0000: Memory Usage (593312K) : Executing rule metal2_drw_Acute
2026-09-18 09:42:54 +0000: Memory Usage (593312K) : Executing rule metal2_pin_Acute
2026-09-18 09:42:54 +0000: Memory Usage (593312K) : Executing rule metal2_mask_Acute
2026-09-18 09:42:54 +0000: Memory Usage (593312K) : Executing rule metal2_filler_Acute
2026-09-18 09:42:54 +0000: Memory Usage (593312K) : Executing rule metal2_nofill_Acute
2026-09-18 09:42:54 +0000: Memory Usage (593312K) : Executing rule metal2_slit_Acute
2026-09-18 09:42:54 +0000: Memory Usage (593312K) : Executing rule metal2_opc_Acute
2026-09-18 09:42:54 +0000: Memory Usage (593312K) : Executing rule metal2_noqrc_Acute
2026-09-18 09:42:54 +0000: Memory Usage (593312K) : Executing rule metal2_res_Acute
2026-09-18 09:42:54 +0000: Memory Usage (593312K) : Executing rule metal2_iprobe_Acute
2026-09-18 09:42:54 +0000: Memory Usage (593312K) : Executing rule metal2_diffprb_Acute
2026-09-18 09:42:54 +0000: Memory Usage (593312K) : Executing rule baspoly_drw_Acute
2026-09-18 09:42:54 +0000: Memory Usage (593312K) : Executing rule baspoly_pin_Acute
2026-09-18 09:42:54 +0000: Memory Usage (593312K) : Executing rule psd_drw_Acute
2026-09-18 09:42:54 +0000: Memory Usage (593312K) : Executing rule nldb_drw_Acute
2026-09-18 09:42:54 +0000: Memory Usage (593312K) : Executing rule via1_drw_Acute
2026-09-18 09:42:55 +0000: Memory Usage (592160K) : Executing rule backmetal1_drw_Acute
2026-09-18 09:42:55 +0000: Memory Usage (592160K) : Executing rule backmetal1_pin_Acute
2026-09-18 09:42:55 +0000: Memory Usage (592160K) : Executing rule backmetal1_mask_Acute
2026-09-18 09:42:55 +0000: Memory Usage (592160K) : Executing rule backmetal1_filler_Acute
2026-09-18 09:42:55 +0000: Memory Usage (592160K) : Executing rule backmetal1_nofill_Acute
2026-09-18 09:42:55 +0000: Memory Usage (592160K) : Executing rule backmetal1_slit_Acute
2026-09-18 09:42:55 +0000: Memory Usage (592160K) : Executing rule backmetal1_opc_Acute
2026-09-18 09:42:55 +0000: Memory Usage (592160K) : Executing rule backmetal1_noqrc_Acute
2026-09-18 09:42:55 +0000: Memory Usage (592160K) : Executing rule backmetal1_res_Acute
2026-09-18 09:42:55 +0000: Memory Usage (592160K) : Executing rule backmetal1_iprobe_Acute
2026-09-18 09:42:55 +0000: Memory Usage (592160K) : Executing rule backmetal1_diffprb_Acute
2026-09-18 09:42:55 +0000: Memory Usage (592160K) : Executing rule backpassiv_drw_Acute
2026-09-18 09:42:55 +0000: Memory Usage (592160K) : Executing rule salblock_drw_Acute
2026-09-18 09:42:55 +0000: Memory Usage (592160K) : Executing rule via2_drw_Acute
2026-09-18 09:42:55 +0000: Memory Usage (592160K) : Executing rule metal3_drw_Acute
2026-09-18 09:42:55 +0000: Memory Usage (592160K) : Executing rule metal3_pin_Acute
2026-09-18 09:42:55 +0000: Memory Usage (592160K) : Executing rule metal3_mask_Acute
2026-09-18 09:42:55 +0000: Memory Usage (591136K) : Executing rule metal3_filler_Acute
2026-09-18 09:42:55 +0000: Memory Usage (591136K) : Executing rule metal3_nofill_Acute
2026-09-18 09:42:55 +0000: Memory Usage (591136K) : Executing rule metal3_slit_Acute
2026-09-18 09:42:55 +0000: Memory Usage (591136K) : Executing rule metal3_opc_Acute
2026-09-18 09:42:55 +0000: Memory Usage (591136K) : Executing rule metal3_noqrc_Acute
2026-09-18 09:42:55 +0000: Memory Usage (591136K) : Executing rule metal3_res_Acute
2026-09-18 09:42:55 +0000: Memory Usage (591136K) : Executing rule metal3_iprobe_Acute
2026-09-18 09:42:55 +0000: Memory Usage (591136K) : Executing rule metal3_diffprb_Acute
2026-09-18 09:42:55 +0000: Memory Usage (591136K) : Executing rule nwell_drw_Acute
2026-09-18 09:42:55 +0000: Memory Usage (591136K) : Executing rule nwell_pin_Acute
2026-09-18 09:42:55 +0000: Memory Usage (591136K) : Executing rule nbulay_drw_Acute
2026-09-18 09:42:55 +0000: Memory Usage (591136K) : Executing rule nbulay_pin_Acute
2026-09-18 09:42:55 +0000: Memory Usage (591136K) : Executing rule nbulay_block_Acute
2026-09-18 09:42:55 +0000: Memory Usage (591136K) : Executing rule pwell_drw_Acute
2026-09-18 09:42:55 +0000: Memory Usage (591136K) : Executing rule pwell_pin_Acute
2026-09-18 09:42:55 +0000: Memory Usage (591136K) : Executing rule pwell_block_Acute
2026-09-18 09:42:55 +0000: Memory Usage (591136K) : Executing rule emwind_drw_Acute
2026-09-18 09:42:55 +0000: Memory Usage (591136K) : Executing rule emwind_opc_Acute
2026-09-18 09:42:55 +0000: Memory Usage (591136K) : Executing rule deepco_drw_Acute
2026-09-18 09:42:55 +0000: Memory Usage (591136K) : Executing rule mim_drw_Acute
2026-09-18 09:42:55 +0000: Memory Usage (591136K) : Executing rule substrate_drw_Acute
2026-09-18 09:42:55 +0000: Memory Usage (591136K) : Executing rule ic_drw_Acute
2026-09-18 09:42:55 +0000: Memory Usage (591136K) : Executing rule via3_drw_Acute
2026-09-18 09:42:55 +0000: Memory Usage (591136K) : Executing rule pldb_drw_Acute
2026-09-18 09:42:55 +0000: Memory Usage (591136K) : Executing rule metal4_drw_Acute
2026-09-18 09:42:55 +0000: Memory Usage (591136K) : Executing rule metal4_pin_Acute
2026-09-18 09:42:55 +0000: Memory Usage (591136K) : Executing rule metal4_mask_Acute
2026-09-18 09:42:55 +0000: Memory Usage (591136K) : Executing rule metal4_filler_Acute
2026-09-18 09:42:55 +0000: Memory Usage (591136K) : Executing rule metal4_nofill_Acute
2026-09-18 09:42:55 +0000: Memory Usage (591136K) : Executing rule metal4_slit_Acute
2026-09-18 09:42:55 +0000: Memory Usage (591136K) : Executing rule metal4_opc_Acute
2026-09-18 09:42:55 +0000: Memory Usage (591136K) : Executing rule metal4_noqrc_Acute
2026-09-18 09:42:56 +0000: Memory Usage (589984K) : Executing rule metal4_res_Acute
2026-09-18 09:42:56 +0000: Memory Usage (589984K) : Executing rule metal4_iprobe_Acute
2026-09-18 09:42:56 +0000: Memory Usage (589984K) : Executing rule metal4_diffprb_Acute
2026-09-18 09:42:56 +0000: Memory Usage (589984K) : Executing rule via4_drw_Acute
2026-09-18 09:42:56 +0000: Memory Usage (589984K) : Executing rule metal5_drw_Acute
2026-09-18 09:42:56 +0000: Memory Usage (589984K) : Executing rule metal5_pin_Acute
2026-09-18 09:42:56 +0000: Memory Usage (589984K) : Executing rule metal5_mask_Acute
2026-09-18 09:42:56 +0000: Memory Usage (589984K) : Executing rule metal5_filler_Acute
2026-09-18 09:42:56 +0000: Memory Usage (589984K) : Executing rule metal5_nofill_Acute
2026-09-18 09:42:56 +0000: Memory Usage (589984K) : Executing rule metal5_slit_Acute
2026-09-18 09:42:56 +0000: Memory Usage (589984K) : Executing rule metal5_opc_Acute
2026-09-18 09:42:56 +0000: Memory Usage (589984K) : Executing rule metal5_noqrc_Acute
2026-09-18 09:42:56 +0000: Memory Usage (589984K) : Executing rule metal5_res_Acute
2026-09-18 09:42:56 +0000: Memory Usage (589984K) : Executing rule metal5_iprobe_Acute
2026-09-18 09:42:56 +0000: Memory Usage (589984K) : Executing rule metal5_diffprb_Acute
2026-09-18 09:42:56 +0000: Memory Usage (589984K) : Executing rule prboundary_drw_Acute
2026-09-18 09:42:56 +0000: Memory Usage (589984K) : Executing rule exchange0_drw_Acute
2026-09-18 09:42:56 +0000: Memory Usage (589984K) : Executing rule exchange0_pin_Acute
2026-09-18 09:42:56 +0000: Memory Usage (589984K) : Executing rule exchange1_drw_Acute
2026-09-18 09:42:56 +0000: Memory Usage (589984K) : Executing rule exchange1_pin_Acute
2026-09-18 09:42:56 +0000: Memory Usage (589984K) : Executing rule exchange2_drw_Acute
2026-09-18 09:42:56 +0000: Memory Usage (589984K) : Executing rule exchange2_pin_Acute
2026-09-18 09:42:56 +0000: Memory Usage (589984K) : Executing rule exchange3_drw_Acute
2026-09-18 09:42:56 +0000: Memory Usage (589984K) : Executing rule exchange3_pin_Acute
2026-09-18 09:42:56 +0000: Memory Usage (589984K) : Executing rule exchange4_drw_Acute
2026-09-18 09:42:56 +0000: Memory Usage (589984K) : Executing rule exchange4_pin_Acute
2026-09-18 09:42:56 +0000: Memory Usage (589984K) : Executing rule isonwell_drw_Acute
2026-09-18 09:42:56 +0000: Memory Usage (589984K) : Executing rule thickgateox_drw_Acute
2026-09-18 09:42:56 +0000: Memory Usage (589984K) : Executing rule pempoly_drw_Acute
2026-09-18 09:42:56 +0000: Memory Usage (589984K) : Executing rule fbe_drw_Acute
2026-09-18 09:42:56 +0000: Memory Usage (589984K) : Executing rule empoly_drw_Acute
2026-09-18 09:42:56 +0000: Memory Usage (589984K) : Executing rule ldmos_drw_Acute
2026-09-18 09:42:56 +0000: Memory Usage (589984K) : Executing rule pbiwind_drw_Acute
2026-09-18 09:42:56 +0000: Memory Usage (589984K) : Executing rule colopen_drw_Acute
2026-09-18 09:42:56 +0000: Memory Usage (589984K) : Executing rule extblock_drw_Acute
2026-09-18 09:42:56 +0000: Memory Usage (589984K) : Executing rule nldd_drw_Acute
2026-09-18 09:42:56 +0000: Memory Usage (589984K) : Executing rule pldd_drw_Acute
2026-09-18 09:42:56 +0000: Memory Usage (589984K) : Executing rule next_drw_Acute
2026-09-18 09:42:56 +0000: Memory Usage (589984K) : Executing rule pext_drw_Acute
2026-09-18 09:42:56 +0000: Memory Usage (589420K) : Executing rule nexthv_drw_Acute
2026-09-18 09:42:56 +0000: Memory Usage (589420K) : Executing rule pexthv_drw_Acute
2026-09-18 09:42:56 +0000: Memory Usage (589420K) : Executing rule graphgate_drw_Acute
2026-09-18 09:42:56 +0000: Memory Usage (589420K) : Executing rule mempad_drw_Acute
2026-09-18 09:42:56 +0000: Memory Usage (589420K) : Executing rule topvia1_drw_Acute
2026-09-18 09:42:56 +0000: Memory Usage (589420K) : Executing rule topmetal1_drw_Acute
2026-09-18 09:42:56 +0000: Memory Usage (589420K) : Executing rule topmetal1_pin_Acute
2026-09-18 09:42:56 +0000: Memory Usage (589164K) : Executing rule topmetal1_mask_Acute
2026-09-18 09:42:56 +0000: Memory Usage (589164K) : Executing rule topmetal1_filler_Acute
2026-09-18 09:42:56 +0000: Memory Usage (589164K) : Executing rule topmetal1_nofill_Acute
2026-09-18 09:42:56 +0000: Memory Usage (589164K) : Executing rule topmetal1_slit_Acute
2026-09-18 09:42:56 +0000: Memory Usage (589164K) : Executing rule topmetal1_noqrc_Acute
2026-09-18 09:42:56 +0000: Memory Usage (589164K) : Executing rule topmetal1_res_Acute
2026-09-18 09:42:56 +0000: Memory Usage (589164K) : Executing rule topmetal1_iprobe_Acute
2026-09-18 09:42:56 +0000: Memory Usage (589164K) : Executing rule topmetal1_diffprb_Acute
2026-09-18 09:42:56 +0000: Memory Usage (589164K) : Executing rule inldpwl_drw_Acute
2026-09-18 09:42:56 +0000: Memory Usage (589164K) : Executing rule polyres_drw_Acute
2026-09-18 09:42:56 +0000: Memory Usage (589164K) : Executing rule polyres_pin_Acute
2026-09-18 09:42:56 +0000: Memory Usage (589164K) : Executing rule vmim_drw_Acute
2026-09-18 09:42:56 +0000: Memory Usage (589164K) : Executing rule nbulaycut_drw_Acute
2026-09-18 09:42:56 +0000: Memory Usage (589164K) : Executing rule antmetal1_drw_Acute
2026-09-18 09:42:56 +0000: Memory Usage (589164K) : Executing rule topvia2_drw_Acute
2026-09-18 09:42:56 +0000: Memory Usage (589164K) : Executing rule topmetal2_drw_Acute
2026-09-18 09:42:56 +0000: Memory Usage (589164K) : Executing rule topmetal2_pin_Acute
2026-09-18 09:42:56 +0000: Memory Usage (589164K) : Executing rule topmetal2_mask_Acute
2026-09-18 09:42:56 +0000: Memory Usage (589164K) : Executing rule topmetal2_filler_Acute
2026-09-18 09:42:56 +0000: Memory Usage (589164K) : Executing rule topmetal2_nofill_Acute
2026-09-18 09:42:56 +0000: Memory Usage (589164K) : Executing rule topmetal2_slit_Acute
2026-09-18 09:42:56 +0000: Memory Usage (589164K) : Executing rule topmetal2_noqrc_Acute
2026-09-18 09:42:56 +0000: Memory Usage (589164K) : Executing rule topmetal2_res_Acute
2026-09-18 09:42:56 +0000: Memory Usage (589164K) : Executing rule topmetal2_iprobe_Acute
2026-09-18 09:42:56 +0000: Memory Usage (589164K) : Executing rule topmetal2_diffprb_Acute
2026-09-18 09:42:56 +0000: Memory Usage (589164K) : Executing rule snsring_drw_Acute
2026-09-18 09:42:56 +0000: Memory Usage (589164K) : Executing rule sensor_drw_Acute
2026-09-18 09:42:56 +0000: Memory Usage (589164K) : Executing rule snsarms_drw_Acute
2026-09-18 09:42:56 +0000: Memory Usage (589164K) : Executing rule snscmosvia_drw_Acute
2026-09-18 09:42:56 +0000: Memory Usage (589164K) : Executing rule colwind_drw_Acute
2026-09-18 09:42:56 +0000: Memory Usage (589164K) : Executing rule flm_drw_Acute
2026-09-18 09:42:56 +0000: Memory Usage (589164K) : Executing rule hafniumox_drw_Acute
2026-09-18 09:42:56 +0000: Memory Usage (589164K) : Executing rule memvia_drw_Acute
2026-09-18 09:42:56 +0000: Memory Usage (589164K) : Executing rule thinfilmres_drw_Acute
2026-09-18 09:42:56 +0000: Memory Usage (589164K) : Executing rule rfmem_drw_Acute
2026-09-18 09:42:56 +0000: Memory Usage (589164K) : Executing rule snsbotvia_drw_Acute
2026-09-18 09:42:56 +0000: Memory Usage (589164K) : Executing rule snstopvia_drw_Acute
2026-09-18 09:42:56 +0000: Memory Usage (589164K) : Executing rule deepvia_drw_Acute
2026-09-18 09:42:56 +0000: Memory Usage (589164K) : Executing rule fgetch_drw_Acute
2026-09-18 09:42:56 +0000: Memory Usage (589164K) : Executing rule ctrgat_drw_Acute
2026-09-18 09:42:56 +0000: Memory Usage (589164K) : Executing rule fgimp_drw_Acute
2026-09-18 09:42:56 +0000: Memory Usage (589164K) : Executing rule emwihv_drw_Acute
2026-09-18 09:42:56 +0000: Memory Usage (589164K) : Executing rule lbe_drw_Acute
2026-09-18 09:42:56 +0000: Memory Usage (589164K) : Executing rule alcustop_drw_Acute
2026-09-18 09:42:56 +0000: Memory Usage (589164K) : Executing rule cont_drw_Angle90
2026-09-18 09:42:58 +0000: Memory Usage (596204K) : Executing rule via1_drw_Angle90
2026-09-18 09:42:58 +0000: Memory Usage (596208K) : Executing rule via2_drw_Angle90
2026-09-18 09:42:58 +0000: Memory Usage (604016K) : Executing rule via3_drw_Angle90
2026-09-18 09:42:58 +0000: Memory Usage (604016K) : Executing rule via4_drw_Angle90
2026-09-18 09:42:58 +0000: Memory Usage (604016K) : Executing rule vmim_drw_Angle90
2026-09-18 09:42:58 +0000: Memory Usage (604016K) : Executing rule topvia1_drw_Angle90
2026-09-18 09:42:58 +0000: Memory Usage (604016K) : Executing rule topvia2_drw_Angle90
2026-09-18 09:42:58 +0000: Memory Usage (604016K) : Executing rule gatpoly_drw_Angle45
2026-09-18 09:42:58 +0000: Memory Usage (604016K) : Executing rule activ_drw_Angle45
2026-09-18 09:42:59 +0000: Memory Usage (604016K) : Executing rule metal1_drw_Angle45
2026-09-18 09:43:01 +0000: Memory Usage (609264K) : Executing rule metal2_drw_Angle45
2026-09-18 09:43:01 +0000: Memory Usage (613004K) : Executing rule metal3_drw_Angle45
2026-09-18 09:43:02 +0000: Memory Usage (613004K) : Executing rule metal4_drw_Angle45
2026-09-18 09:43:02 +0000: Memory Usage (613004K) : Executing rule metal5_drw_Angle45
2026-09-18 09:43:02 +0000: Memory Usage (613004K) : Executing rule topmetal1_drw_Angle45
2026-09-18 09:43:02 +0000: Memory Usage (613004K) : Executing rule topmetal2_drw_Angle45
2026-09-18 09:43:02 +0000: Memory Usage (613004K) : Starting 3.2. FORBIDDEN table
2026-09-18 09:43:02 +0000: Memory Usage (613004K) : Executing rule forbidden.biwind
2026-09-18 09:43:02 +0000: Memory Usage (613004K) : Executing rule forbidden.pemwind
2026-09-18 09:43:02 +0000: Memory Usage (613004K) : Executing rule forbidden.baspoly
2026-09-18 09:43:02 +0000: Memory Usage (613004K) : Executing rule forbidden.deepco
2026-09-18 09:43:02 +0000: Memory Usage (613004K) : Executing rule forbidden.pempoly
2026-09-18 09:43:02 +0000: Memory Usage (613004K) : Executing rule forbidden.empoly
2026-09-18 09:43:02 +0000: Memory Usage (613004K) : Executing rule forbidden.ldmos
2026-09-18 09:43:02 +0000: Memory Usage (613004K) : Executing rule forbidden.pbiwind
2026-09-18 09:43:02 +0000: Memory Usage (613004K) : Executing rule forbidden.nodrc
2026-09-18 09:43:02 +0000: Memory Usage (613004K) : Executing rule forbidden.flash
2026-09-18 09:43:02 +0000: Memory Usage (613004K) : Executing rule forbidden.colwind
2026-09-18 09:43:02 +0000: Memory Usage (613004K) : KLayout DRC run for tables 'main' completed in 23.42 seconds
